Archive member included to satisfy reference by file (symbol)

C:/ST/STM32CubeIDE_1.14.0/STM32CubeIDE/plugins/com.st.stm32cube.ide.mcu.externaltools.gnu-tools-for-stm32.12.3.rel1.win32_1.0.100.202403111256/tools/bin/../lib/gcc/arm-none-eabi/12.3.1/../../../../arm-none-eabi/lib/thumb/v7-m/nofp\libc_nano.a(libc_a-exit.o)
                              C:/ST/STM32CubeIDE_1.14.0/STM32CubeIDE/plugins/com.st.stm32cube.ide.mcu.externaltools.gnu-tools-for-stm32.12.3.rel1.win32_1.0.100.202403111256/tools/bin/../lib/gcc/arm-none-eabi/12.3.1/../../../../arm-none-eabi/lib/thumb/v7-m/nofp/crt0.o (exit)
C:/ST/STM32CubeIDE_1.14.0/STM32CubeIDE/plugins/com.st.stm32cube.ide.mcu.externaltools.gnu-tools-for-stm32.12.3.rel1.win32_1.0.100.202403111256/tools/bin/../lib/gcc/arm-none-eabi/12.3.1/../../../../arm-none-eabi/lib/thumb/v7-m/nofp\libc_nano.a(libc_a-malloc.o)
                              ./Core/Src/cJSON.o (malloc)
C:/ST/STM32CubeIDE_1.14.0/STM32CubeIDE/plugins/com.st.stm32cube.ide.mcu.externaltools.gnu-tools-for-stm32.12.3.rel1.win32_1.0.100.202403111256/tools/bin/../lib/gcc/arm-none-eabi/12.3.1/../../../../arm-none-eabi/lib/thumb/v7-m/nofp\libc_nano.a(libc_a-mallocr.o)
                              C:/ST/STM32CubeIDE_1.14.0/STM32CubeIDE/plugins/com.st.stm32cube.ide.mcu.externaltools.gnu-tools-for-stm32.12.3.rel1.win32_1.0.100.202403111256/tools/bin/../lib/gcc/arm-none-eabi/12.3.1/../../../../arm-none-eabi/lib/thumb/v7-m/nofp\libc_nano.a(libc_a-malloc.o) (_malloc_r)
C:/ST/STM32CubeIDE_1.14.0/STM32CubeIDE/plugins/com.st.stm32cube.ide.mcu.externaltools.gnu-tools-for-stm32.12.3.rel1.win32_1.0.100.202403111256/tools/bin/../lib/gcc/arm-none-eabi/12.3.1/../../../../arm-none-eabi/lib/thumb/v7-m/nofp\libc_nano.a(libc_a-mlock.o)
                              C:/ST/STM32CubeIDE_1.14.0/STM32CubeIDE/plugins/com.st.stm32cube.ide.mcu.externaltools.gnu-tools-for-stm32.12.3.rel1.win32_1.0.100.202403111256/tools/bin/../lib/gcc/arm-none-eabi/12.3.1/../../../../arm-none-eabi/lib/thumb/v7-m/nofp\libc_nano.a(libc_a-mallocr.o) (__malloc_lock)
C:/ST/STM32CubeIDE_1.14.0/STM32CubeIDE/plugins/com.st.stm32cube.ide.mcu.externaltools.gnu-tools-for-stm32.12.3.rel1.win32_1.0.100.202403111256/tools/bin/../lib/gcc/arm-none-eabi/12.3.1/../../../../arm-none-eabi/lib/thumb/v7-m/nofp\libc_nano.a(libc_a-realloc.o)
                              ./Core/Src/cJSON.o (realloc)
C:/ST/STM32CubeIDE_1.14.0/STM32CubeIDE/plugins/com.st.stm32cube.ide.mcu.externaltools.gnu-tools-for-stm32.12.3.rel1.win32_1.0.100.202403111256/tools/bin/../lib/gcc/arm-none-eabi/12.3.1/../../../../arm-none-eabi/lib/thumb/v7-m/nofp\libc_nano.a(libc_a-reallocr.o)
                              C:/ST/STM32CubeIDE_1.14.0/STM32CubeIDE/plugins/com.st.stm32cube.ide.mcu.externaltools.gnu-tools-for-stm32.12.3.rel1.win32_1.0.100.202403111256/tools/bin/../lib/gcc/arm-none-eabi/12.3.1/../../../../arm-none-eabi/lib/thumb/v7-m/nofp\libc_nano.a(libc_a-realloc.o) (_realloc_r)
C:/ST/STM32CubeIDE_1.14.0/STM32CubeIDE/plugins/com.st.stm32cube.ide.mcu.externaltools.gnu-tools-for-stm32.12.3.rel1.win32_1.0.100.202403111256/tools/bin/../lib/gcc/arm-none-eabi/12.3.1/../../../../arm-none-eabi/lib/thumb/v7-m/nofp\libc_nano.a(libc_a-strtod.o)
                              ./Core/Src/cJSON.o (strtod)
C:/ST/STM32CubeIDE_1.14.0/STM32CubeIDE/plugins/com.st.stm32cube.ide.mcu.externaltools.gnu-tools-for-stm32.12.3.rel1.win32_1.0.100.202403111256/tools/bin/../lib/gcc/arm-none-eabi/12.3.1/../../../../arm-none-eabi/lib/thumb/v7-m/nofp\libc_nano.a(libc_a-ctype_.o)
                              ./Core/Src/cJSON.o (_ctype_)
C:/ST/STM32CubeIDE_1.14.0/STM32CubeIDE/plugins/com.st.stm32cube.ide.mcu.externaltools.gnu-tools-for-stm32.12.3.rel1.win32_1.0.100.202403111256/tools/bin/../lib/gcc/arm-none-eabi/12.3.1/../../../../arm-none-eabi/lib/thumb/v7-m/nofp\libc_nano.a(libc_a-findfp.o)
                              ./Middlewares/Third_Party/FreeRTOS/Source/tasks.o (__sf)
C:/ST/STM32CubeIDE_1.14.0/STM32CubeIDE/plugins/com.st.stm32cube.ide.mcu.externaltools.gnu-tools-for-stm32.12.3.rel1.win32_1.0.100.202403111256/tools/bin/../lib/gcc/arm-none-eabi/12.3.1/../../../../arm-none-eabi/lib/thumb/v7-m/nofp\libc_nano.a(libc_a-fwalk.o)
                              C:/ST/STM32CubeIDE_1.14.0/STM32CubeIDE/plugins/com.st.stm32cube.ide.mcu.externaltools.gnu-tools-for-stm32.12.3.rel1.win32_1.0.100.202403111256/tools/bin/../lib/gcc/arm-none-eabi/12.3.1/../../../../arm-none-eabi/lib/thumb/v7-m/nofp\libc_nano.a(libc_a-findfp.o) (_fwalk_sglue)
C:/ST/STM32CubeIDE_1.14.0/STM32CubeIDE/plugins/com.st.stm32cube.ide.mcu.externaltools.gnu-tools-for-stm32.12.3.rel1.win32_1.0.100.202403111256/tools/bin/../lib/gcc/arm-none-eabi/12.3.1/../../../../arm-none-eabi/lib/thumb/v7-m/nofp\libc_nano.a(libc_a-snprintf.o)
                              ./Core/Src/st7789.o (snprintf)
[...]
Memory Configuration

Name             Origin             Length             Attributes
RAM              0x20000000         0x00005000         xrw
FLASH            0x08000000         0x00020000         xr
*default*        0x00000000         0xffffffff

Linker script and memory map

LOAD C:/ST/STM32CubeIDE_1.14.0/STM32CubeIDE/plugins/com.st.stm32cube.ide.mcu.externaltools.gnu-tools-for-stm32.12.3.rel1.win32_1.0.100.202403111256/tools/bin/../lib/gcc/arm-none-eabi/12.3.1/thumb/v7-m/nofp/crti.o
LOAD C:/ST/STM32CubeIDE_1.14.0/STM32CubeIDE/plugins/com.st.stm32cube.ide.mcu.externaltools.gnu-tools-for-stm32.12.3.rel1.win32_1.0.100.202403111256/tools/bin/../lib/gcc/arm-none-eabi/12.3.1/thumb/v7-m/nofp/crtbegin.o
LOAD C:/ST/STM32CubeIDE_1.14.0/STM32CubeIDE/plugins/com.st.stm32cube.ide.mcu.externaltools.gnu-tools-for-stm32.12.3.rel1.win32_1.0.100.202403111256/tools/bin/../lib/gcc/arm-none-eabi/12.3.1/../../../../arm-none-eabi/lib/thumb/v7-m/nofp/crt0.o
LOAD ./Core/Src/Fun_Infrared.o
LOAD ./Core/Src/adc.o
LOAD ./Core/Src/bsp_mpu6050.o
LOAD ./Core/Src/cJSON.o
LOAD ./Core/Src/dma.o
LOAD ./Core/Src/fonts.o
LOAD ./Core/Src/freertos.o
LOAD ./Core/Src/gpio.o
LOAD ./Core/Src/i2c.o
LOAD ./Core/Src/main.o
LOAD ./Core/Src/math3D.o
LOAD ./Core/Src/menu.o
LOAD ./Core/Src/spi.o
LOAD ./Core/Src/st7789.o
LOAD ./Core/Src/stm32f1xx_hal_msp.o
LOAD ./Core/Src/stm32f1xx_hal_timebase_tim.o
LOAD ./Core/Src/stm32f1xx_it.o
LOAD ./Core/Src/syscalls.o
LOAD ./Core/Src/sysmem.o
LOAD ./Core/Src/system_stm32f1xx.o
LOAD ./Core/Src/tim.o
LOAD ./Core/Src/usart.o
LOAD ./Core/Src/usb.o
LOAD ./Core/Startup/startup_stm32f103cbux.o
LOAD ./Drivers/STM32F1xx_HAL_Driver/Src/stm32f1xx_hal.o
LOAD ./Drivers/STM32F1xx_HAL_Driver/Src/stm32f1xx_hal_adc.o
LOAD ./Drivers/STM32F1xx_HAL_Driver/Src/stm32f1xx_hal_adc_ex.o
LOAD ./Drivers/STM32F1xx_HAL_Driver/Src/stm32f1xx_hal_cortex.o
LOAD ./Drivers/STM32F1xx_HAL_Driver/Src/stm32f1xx_hal_dma.o
LOAD ./Drivers/STM32F1xx_HAL_Driver/Src/stm32f1xx_hal_exti.o
LOAD ./Drivers/STM32F1xx_HAL_Driver/Src/stm32f1xx_hal_flash.o
LOAD ./Drivers/STM32F1xx_HAL_Driver/Src/stm32f1xx_hal_flash_ex.o
LOAD ./Drivers/STM32F1xx_HAL_Driver/Src/stm32f1xx_hal_gpio.o
LOAD ./Drivers/STM32F1xx_HAL_Driver/Src/stm32f1xx_hal_gpio_ex.o
LOAD ./Drivers/STM32F1xx_HAL_Driver/Src/stm32f1xx_hal_i2c.o
LOAD ./Drivers/STM32F1xx_HAL_Driver/Src/stm32f1xx_hal_pcd.o
LOAD ./Drivers/STM32F1xx_HAL_Driver/Src/stm32f1xx_hal_pcd_ex.o
LOAD ./Drivers/STM32F1xx_HAL_Driver/Src/stm32f1xx_hal_pwr.o
LOAD ./Drivers/STM32F1xx_HAL_Driver/Src/stm32f1xx_hal_rcc.o
LOAD ./Drivers/STM32F1xx_HAL_Driver/Src/stm32f1xx_hal_rcc_ex.o
LOAD ./Drivers/STM32F1xx_HAL_Driver/Src/stm32f1xx_hal_spi.o
LOAD ./Drivers/STM32F1xx_HAL_Driver/Src/stm32f1xx_hal_tim.o
LOAD ./Drivers/STM32F1xx_HAL_Driver/Src/stm32f1xx_hal_tim_ex.o
LOAD ./Drivers/STM32F1xx_HAL_Driver/Src/stm32f1xx_hal_uart.o
LOAD ./Drivers/STM32F1xx_HAL_Driver/Src/stm32f1xx_ll_usb.o
LOAD ./FATFS/App/fatfs.o
LOAD ./FATFS/Target/user_diskio.o
LOAD ./FATFS_SD/FATFS_SD.o
LOAD ./Middlewares/Third_Party/FatFs/src/diskio.o
LOAD ./Middlewares/Third_Party/FatFs/src/ff.o
LOAD ./Middlewares/Third_Party/FatFs/src/ff_gen_drv.o
LOAD ./Middlewares/Third_Party/FatFs/src/option/cc936.o
LOAD ./Middlewares/Third_Party/FatFs/src/option/syscall.o
LOAD ./Middlewares/Third_Party/FreeRTOS/Source/CMSIS_RTOS_V2/cmsis_os2.o
LOAD ./Middlewares/Third_Party/FreeRTOS/Source/croutine.o
LOAD ./Middlewares/Third_Party/FreeRTOS/Source/event_groups.o
LOAD ./Middlewares/Third_Party/FreeRTOS/Source/list.o
LOAD ./Middlewares/Third_Party/FreeRTOS/Source/queue.o
LOAD ./Middlewares/Third_Party/FreeRTOS/Source/stream_buffer.o
LOAD ./Middlewares/Third_Party/FreeRTOS/Source/tasks.o
LOAD ./Middlewares/Third_Party/FreeRTOS/Source/timers.o
LOAD ./Middlewares/Third_Party/FreeRTOS/Source/portable/GCC/ARM_CM3/port.o
LOAD ./Middlewares/Third_Party/FreeRTOS/Source/portable/MemMang/heap_4.o
START GROUP
LOAD C:/ST/STM32CubeIDE_1.14.0/STM32CubeIDE/plugins/com.st.stm32cube.ide.mcu.externaltools.gnu-tools-for-stm32.12.3.rel1.win32_1.0.100.202403111256/tools/bin/../lib/gcc/arm-none-eabi/12.3.1/../../../../arm-none-eabi/lib/thumb/v7-m/nofp\libc_nano.a
LOAD C:/ST/STM32CubeIDE_1.14.0/STM32CubeIDE/plugins/com.st.stm32cube.ide.mcu.externaltools.gnu-tools-for-stm32.12.3.rel1.win32_1.0.100.202403111256/tools/bin/../lib/gcc/arm-none-eabi/12.3.1/../../../../arm-none-eabi/lib/thumb/v7-m/nofp\libm.a
END GROUP
START GROUP
LOAD C:/ST/STM32CubeIDE_1.14.0/STM32CubeIDE/plugins/com.st.stm32cube.ide.mcu.externaltools.gnu-tools-for-stm32.12.3.rel1.win32_1.0.100.202403111256/tools/bin/../lib/gcc/arm-none-eabi/12.3.1/thumb/v7-m/nofp\libgcc.a
LOAD C:/ST/STM32CubeIDE_1.14.0/STM32CubeIDE/plugins/com.st.stm32cube.ide.mcu.externaltools.gnu-tools-for-stm32.12.3.rel1.win32_1.0.100.202403111256/tools/bin/../lib/gcc/arm-none-eabi/12.3.1/../../../../arm-none-eabi/lib/thumb/v7-m/nofp\libc_nano.a
END GROUP
START GROUP
LOAD C:/ST/STM32CubeIDE_1.14.0/STM32CubeIDE/plugins/com.st.stm32cube.ide.mcu.externaltools.gnu-tools-for-stm32.12.3.rel1.win32_1.0.100.202403111256/tools/bin/../lib/gcc/arm-none-eabi/12.3.1/thumb/v7-m/nofp\libgcc.a
LOAD C:/ST/STM32CubeIDE_1.14.0/STM32CubeIDE/plugins/com.st.stm32cube.ide.mcu.externaltools.gnu-tools-for-stm32.12.3.rel1.win32_1.0.100.202403111256/tools/bin/../lib/gcc/arm-none-eabi/12.3.1/../../../../arm-none-eabi/lib/thumb/v7-m/nofp\libc_nano.a
LOAD C:/ST/STM32CubeIDE_1.14.0/STM32CubeIDE/plugins/com.st.stm32cube.ide.mcu.externaltools.gnu-tools-for-stm32.12.3.rel1.win32_1.0.100.202403111256/tools/bin/../lib/gcc/arm-none-eabi/12.3.1/../../../../arm-none-eabi/lib/thumb/v7-m/nofp\libnosys.a
END GROUP
START GROUP
LOAD C:/ST/STM32CubeIDE_1.14.0/STM32CubeIDE/plugins/com.st.stm32cube.ide.mcu.externaltools.gnu-tools-for-stm32.12.3.rel1.win32_1.0.100.202403111256/tools/bin/../lib/gcc/arm-none-eabi/12.3.1/thumb/v7-m/nofp\libgcc.a
LOAD C:/ST/STM32CubeIDE_1.14.0/STM32CubeIDE/plugins/com.st.stm32cube.ide.mcu.externaltools.gnu-tools-for-stm32.12.3.rel1.win32_1.0.100.202403111256/tools/bin/../lib/gcc/arm-none-eabi/12.3.1/../../../../arm-none-eabi/lib/thumb/v7-m/nofp\libc_nano.a
LOAD C:/ST/STM32CubeIDE_1.14.0/STM32CubeIDE/plugins/com.st.stm32cube.ide.mcu.externaltools.gnu-tools-for-stm32.12.3.rel1.win32_1.0.100.202403111256/tools/bin/../lib/gcc/arm-none-eabi/12.3.1/../../../../arm-none-eabi/lib/thumb/v7-m/nofp\libnosys.a
END GROUP
LOAD C:/ST/STM32CubeIDE_1.14.0/STM32CubeIDE/plugins/com.st.stm32cube.ide.mcu.externaltools.gnu-tools-for-stm32.12.3.rel1.win32_1.0.100.202403111256/tools/bin/../lib/gcc/arm-none-eabi/12.3.1/thumb/v7-m/nofp/crtend.o
LOAD C:/ST/STM32CubeIDE_1.14.0/STM32CubeIDE/plugins/com.st.stm32cube.ide.mcu.externaltools.gnu-tools-for-stm32.12.3.rel1.win32_1.0.100.202403111256/tools/bin/../lib/gcc/arm-none-eabi/12.3.1/thumb/v7-m/nofp/crtn.o
                0x20005000                        _estack = (ORIGIN (RAM) + LENGTH (RAM))
                0x00000200                        _Min_Heap_Size = 0x200
                0x00000400                        _Min_Stack_Size = 0x400

.isr_vector     0x08000000      0x10c
                0x08000000                        . = ALIGN (0x4)
 *(.isr_vector)
 .isr_vector    0x08000000      0x10c ./Core/Startup/startup_stm32f103cbux.o
                0x08000000                g_pfnVectors
                0x0800010c                        . = ALIGN (0x4)

.text           0x08000110     0xbaf8
                0x08000110                        . = ALIGN (0x4)
 *(.text)
 .text          0x08000110       0x40 C:/ST/STM32CubeIDE_1.14.0/STM32CubeIDE/plugins/com.st.stm32cube.ide.mcu.externaltools.gnu-tools-for-stm32.12.3.rel1.win32_1.0.100.202403111256/tools/bin/../lib/gcc/arm-none-eabi/12.3.1/thumb/v7-m/nofp/crtbegin.o
 .text          0x08000150       0x10 C:/ST/STM32CubeIDE_1.14.0/STM32CubeIDE/plugins/com.st.stm32cube.ide.mcu.externaltools.gnu-tools-for-stm32.12.3.rel1.win32_1.0.100.202403111256/tools/bin/../lib/gcc/arm-none-eabi/12.3.1/../../../../arm-none-eabi/lib/thumb/v7-m/nofp\libc_nano.a(libc_a-strlen.o)
                0x08000150                strlen
 .text          0x08000160      0x378 C:/ST/STM32CubeIDE_1.14.0/STM32CubeIDE/plugins/com.st.stm32cube.ide.mcu.externaltools.gnu-tools-for-stm32.12.3.rel1.win32_1.0.100.202403111256/tools/bin/../lib/gcc/arm-none-eabi/12.3.1/thumb/v7-m/nofp\libgcc.a(_arm_addsubdf3.o)
                0x08000160                __aeabi_drsub
                0x08000168                __aeabi_dsub
                0x08000168                __subdf3
                0x0800016c                __aeabi_dadd
                0x0800016c                __adddf3
                0x080003e4                __floatunsidf
                0x080003e4                __aeabi_ui2d
                0x08000404                __floatsidf
                0x08000404                __aeabi_i2d
                0x08000428                __aeabi_f2d
                0x08000428                __extendsfdf2
                0x0800046c                __floatundidf
                0x0800046c                __aeabi_ul2d
                0x0800047c                __floatdidf
                0x0800047c                __aeabi_l2d
 .text          0x080004d8      0x424 C:/ST/STM32CubeIDE_1.14.0/STM32CubeIDE/plugins/com.st.stm32cube.ide.mcu.externaltools.gnu-tools-for-stm32.12.3.rel1.win32_1.0.100.202403111256/tools/bin/../lib/gcc/arm-none-eabi/12.3.1/thumb/v7-m/nofp\libgcc.a(_arm_muldivdf3.o)
                0x080004d8                __aeabi_dmul
                0x080004d8                __muldf3
                0x0800072c                __divdf3
                0x0800072c                __aeabi_ddiv
 .text          0x080008fc       0x50 C:/ST/STM32CubeIDE_1.14.0/STM32CubeIDE/plugins/com.st.stm32cube.ide.mcu.externaltools.gnu-tools-for-stm32.12.3.rel1.win32_1.0.100.202403111256/tools/bin/../lib/gcc/arm-none-eabi/12.3.1/thumb/v7-m/nofp\libgcc.a(_arm_fixdfsi.o)
                0x080008fc                __aeabi_d2iz
                0x080008fc                __fixdfsi
 .text          0x0800094c      0x21c C:/ST/STM32CubeIDE_1.14.0/STM32CubeIDE/plugins/com.st.stm32cube.ide.mcu.externaltools.gnu-tools-for-stm32.12.3.rel1.win32_1.0.100.202403111256/tools/bin/../lib/gcc/arm-none-eabi/12.3.1/thumb/v7-m/nofp\libgcc.a(_arm_addsubsf3.o)
                0x0800094c                __aeabi_frsub
                0x08000954                __subsf3
                0x08000954                __aeabi_fsub
                0x08000958                __aeabi_fadd
                0x08000958                __addsf3
                0x08000ab8                __aeabi_ui2f
                0x08000ab8                __floatunsisf
                0x08000ac0                __aeabi_i2f
                0x08000ac0                __floatsisf
                0x08000adc                __aeabi_ul2f
                0x08000adc                __floatundisf
                0x08000aec                __aeabi_l2f
                0x08000aec                __floatdisf
 *(.text*)
 .text.MX_ADC1_Init
                0x08000b68       0x7c ./Core/Src/adc.o
                0x08000b68                MX_ADC1_Init
 .text.MX_ADC2_Init
                0x08000be4       0x7c ./Core/Src/adc.o
                0x08000be4                MX_ADC2_Init
 .text.HAL_ADC_MspInit
                0x08000c60       0xcc ./Core/Src/adc.o
                0x08000c60                HAL_ADC_MspInit
 .text.BSP_MPU6050_ReadReg
                0x08000d2c       0x38 ./Core/Src/bsp_mpu6050.o
                0x08000d2c                BSP_MPU6050_ReadReg
 .text.BSP_MPU6050_ReadMultiReg
                0x08000d64       0x38 ./Core/Src/bsp_mpu6050.o
                0x08000d64                BSP_MPU6050_ReadMultiReg
 .text.BSP_MPU6050_WriteReg
                0x08000d9c       0x3c ./Core/Src/bsp_mpu6050.o
                0x08000d9c                BSP_MPU6050_WriteReg
 .text.BSP_MPU6050_Read_WHOAMI
                0x08000dd8       0x10 ./Core/Src/bsp_mpu6050.o
                0x08000dd8                BSP_MPU6050_Read_WHOAMI
 .text.BSP_MPU6050_Init
                0x08000de8       0x92 ./Core/Src/bsp_mpu6050.o
                0x08000de8                BSP_MPU6050_Init
 *fill*         0x08000e7a        0x2 
 .text.BSP_MPU6050_UpdateSensors
                0x08000e7c       0x9c ./Core/Src/bsp_mpu6050.o
                0x08000e7c                BSP_MPU6050_UpdateSensors
 .text.MX_DMA_Init
                0x08000f18       0x3c ./Core/Src/dma.o
                0x08000f18                MX_DMA_Init
 .text.MX_FREERTOS_Init
                0x08000f54       0x74 ./Core/Src/freertos.o
                0x08000f54                MX_FREERTOS_Init
 .text.StartDefaultTask
                0x08000fc8      0x368 ./Core/Src/freertos.o
                0x08000fc8                StartDefaultTask
 .text.StartTask02
                0x08001330       0xf8 ./Core/Src/freertos.o
                0x08001330                StartTask02
 .text.StartTask03
                0x08001428      0x19c ./Core/Src/freertos.o
                0x08001428                StartTask03
 .text.IR_SendByte
                0x080015c4       0x90 ./Core/Src/freertos.o
                0x080015c4                IR_SendByte
 .text.delay_us
                0x08001654       0x9c ./Core/Src/freertos.o
                0x08001654                delay_us
 .text.MX_GPIO_Init
                0x080016f0      0x154 ./Core/Src/gpio.o
                0x080016f0                MX_GPIO_Init
 .text.MX_I2C1_Init
                0x08001844       0x5c ./Core/Src/i2c.o
                0x08001844                MX_I2C1_Init
 .text.MX_I2C2_Init
                0x080018a0       0x5c ./Core/Src/i2c.o
                0x080018a0                MX_I2C2_Init
 .text.HAL_I2C_MspInit
                0x080018fc       0xf8 ./Core/Src/i2c.o
                0x080018fc                HAL_I2C_MspInit
 .text.main     0x080019f4       0xc4 ./Core/Src/main.o
                0x080019f4                main
 .text.SystemClock_Config
                0x08001ab8       0xbc ./Core/Src/main.o
                0x08001ab8                SystemClock_Config
 .text.HAL_TIM_PeriodElapsedCallback
                0x08001b74       0x24 ./Core/Src/main.o
                0x08001b74                HAL_TIM_PeriodElapsedCallback
 .text.Error_Handler
                0x08001b98        0xc ./Core/Src/main.o
                0x08001b98                Error_Handler
 .text.LintToLine
                0x08001ba4      0x228 ./Core/Src/menu.o
                0x08001ba4                LintToLine
 .text.MX_SPI1_Init
                0x08001dcc       0x70 ./Core/Src/spi.o
                0x08001dcc                MX_SPI1_Init
 .text.MX_SPI2_Init
                0x08001e3c       0x6c ./Core/Src/spi.o
                0x08001e3c                MX_SPI2_Init
 .text.HAL_SPI_MspInit
                0x08001ea8      0x148 ./Core/Src/spi.o
                0x08001ea8                HAL_SPI_MspInit
 .text.ST7789_WriteCommand
                0x08001ff0       0x38 ./Core/Src/st7789.o
 .text.ST7789_WriteData
                0x08002028       0x8c ./Core/Src/st7789.o
 .text.ST7789_WriteSmallData
                0x080020b4       0x38 ./Core/Src/st7789.o
 .text.ST7789_SetRotation
                0x080020ec       0x58 ./Core/Src/st7789.o
                0x080020ec                ST7789_SetRotation
 .text.ST7789_SetAddressWindow
                0x08002144       0xa4 ./Core/Src/st7789.o
 .text.ST7789_Init
                0x080021e8      0x150 ./Core/Src/st7789.o
                0x080021e8                ST7789_Init
 .text.ST7789_Fill_Color
                0x08002338       0x54 ./Core/Src/st7789.o
                0x08002338                ST7789_Fill_Color
 .text.ST7789_DrawPixel
                0x0800238c       0x56 ./Core/Src/st7789.o
                0x0800238c                ST7789_DrawPixel
 .text.ST7789_DrawLine
                0x080023e2      0x118 ./Core/Src/st7789.o
                0x080023e2                ST7789_DrawLine
 .text.ST7789_WriteChar
                0x080024fa       0xe6 ./Core/Src/st7789.o
                0x080024fa                ST7789_WriteChar
 .text.ST7789_WriteString
                0x080025e0       0x92 ./Core/Src/st7789.o
                0x080025e0                ST7789_WriteString
 *fill*         0x08002672        0x2 
 .text.ST7789_DisplayNumber
                0x08002674       0xb8 ./Core/Src/st7789.o
                0x08002674                ST7789_DisplayNumber
 .text.HAL_MspInit
                0x0800272c       0x70 ./Core/Src/stm32f1xx_hal_msp.o
                0x0800272c                HAL_MspInit
 .text.HAL_InitTick
                0x0800279c       0xe4 ./Core/Src/stm32f1xx_hal_timebase_tim.o
                0x0800279c                HAL_InitTick
 .text.NMI_Handler
                0x08002880        0x8 ./Core/Src/stm32f1xx_it.o
                0x08002880                NMI_Handler
 .text.HardFault_Handler
                0x08002888       0x10 ./Core/Src/stm32f1xx_it.o
                0x08002888                HardFault_Handler
 .text.MemManage_Handler
                0x08002898        0x8 ./Core/Src/stm32f1xx_it.o
                0x08002898                MemManage_Handler
 .text.BusFault_Handler
                0x080028a0        0x8 ./Core/Src/stm32f1xx_it.o
                0x080028a0                BusFault_Handler
 .text.UsageFault_Handler
                0x080028a8        0x8 ./Core/Src/stm32f1xx_it.o
                0x080028a8                UsageFault_Handler
 .text.DebugMon_Handler
                0x080028b0        0xc ./Core/Src/stm32f1xx_it.o
                0x080028b0                DebugMon_Handler
 .text.DMA1_Channel3_IRQHandler
                0x080028bc       0x14 ./Core/Src/stm32f1xx_it.o
                0x080028bc                DMA1_Channel3_IRQHandler
 .text.TIM1_UP_IRQHandler
                0x080028d0       0x14 ./Core/Src/stm32f1xx_it.o
                0x080028d0                TIM1_UP_IRQHandler
 .text._sbrk    0x080028e4       0x6c ./Core/Src/sysmem.o
                0x080028e4                _sbrk
 .text.SystemInit
                0x08002950        0xc ./Core/Src/system_stm32f1xx.o
                0x08002950                SystemInit
 .text.MX_TIM2_Init
                0x0800295c       0xb0 ./Core/Src/tim.o
                0x0800295c                MX_TIM2_Init
 .text.MX_TIM3_Init
                0x08002a0c       0xd0 ./Core/Src/tim.o
                0x08002a0c                MX_TIM3_Init
 .text.HAL_TIM_PWM_MspInit
                0x08002adc       0x60 ./Core/Src/tim.o
                0x08002adc                HAL_TIM_PWM_MspInit
 .text.HAL_TIM_MspPostInit
                0x08002b3c       0xd0 ./Core/Src/tim.o
                0x08002b3c                HAL_TIM_MspPostInit
 .text.MX_USART1_UART_Init
                0x08002c0c       0x54 ./Core/Src/usart.o
                0x08002c0c                MX_USART1_UART_Init
 .text.MX_USART2_UART_Init
                0x08002c60       0x54 ./Core/Src/usart.o
                0x08002c60                MX_USART2_UART_Init
 .text.HAL_UART_MspInit
                0x08002cb4      0x108 ./Core/Src/usart.o
                0x08002cb4                HAL_UART_MspInit
 .text.MX_USB_PCD_Init
                0x08002dbc       0x44 ./Core/Src/usb.o
                0x08002dbc                MX_USB_PCD_Init
 .text.HAL_PCD_MspInit
                0x08002e00       0x3c ./Core/Src/usb.o
                0x08002e00                HAL_PCD_MspInit
 .text.Reset_Handler
                0x08002e3c       0x48 ./Core/Startup/startup_stm32f103cbux.o
                0x08002e3c                Reset_Handler
 .text.Default_Handler
                0x08002e84        0x2 ./Core/Startup/startup_stm32f103cbux.o
                0x08002e84                RTC_Alarm_IRQHandler
                0x08002e84                EXTI2_IRQHandler
                0x08002e84                TIM1_CC_IRQHandler
                0x08002e84                PVD_IRQHandler
                0x08002e84                EXTI3_IRQHandler
                0x08002e84                EXTI0_IRQHandler
                0x08002e84                I2C2_EV_IRQHandler
                0x08002e84                ADC1_2_IRQHandler
                0x08002e84                SPI1_IRQHandler
                0x08002e84                TAMPER_IRQHandler
                0x08002e84                DMA1_Channel4_IRQHandler
                0x08002e84                USART3_IRQHandler
                0x08002e84                RTC_IRQHandler
                0x08002e84                DMA1_Channel7_IRQHandler
                0x08002e84                CAN1_RX1_IRQHandler
                0x08002e84                TIM4_IRQHandler
                0x08002e84                I2C1_EV_IRQHandler
                0x08002e84                DMA1_Channel6_IRQHandler
                0x08002e84                TIM3_IRQHandler
                0x08002e84                RCC_IRQHandler
                0x08002e84                TIM1_TRG_COM_IRQHandler
                0x08002e84                DMA1_Channel1_IRQHandler
                0x08002e84                Default_Handler
                0x08002e84                EXTI15_10_IRQHandler
                0x08002e84                EXTI9_5_IRQHandler
                0x08002e84                SPI2_IRQHandler
                0x08002e84                DMA1_Channel5_IRQHandler
                0x08002e84                EXTI4_IRQHandler
                0x08002e84                USB_LP_CAN1_RX0_IRQHandler
                0x08002e84                USB_HP_CAN1_TX_IRQHandler
                0x08002e84                WWDG_IRQHandler
                0x08002e84                TIM2_IRQHandler
                0x08002e84                TIM1_BRK_IRQHandler
                0x08002e84                EXTI1_IRQHandler
                0x08002e84                USART2_IRQHandler
                0x08002e84                I2C2_ER_IRQHandler
                0x08002e84                DMA1_Channel2_IRQHandler
                0x08002e84                CAN1_SCE_IRQHandler
                0x08002e84                FLASH_IRQHandler
                0x08002e84                USART1_IRQHandler
                0x08002e84                I2C1_ER_IRQHandler
                0x08002e84                USBWakeUp_IRQHandler
 *fill*         0x08002e86        0x2 
 .text.HAL_Init
                0x08002e88       0x2c ./Drivers/STM32F1xx_HAL_Driver/Src/stm32f1xx_hal.o
                0x08002e88                HAL_Init
 .text.HAL_IncTick
                0x08002eb4       0x24 ./Drivers/STM32F1xx_HAL_Driver/Src/stm32f1xx_hal.o
                0x08002eb4                HAL_IncTick
 .text.HAL_GetTick
                0x08002ed8       0x14 ./Drivers/STM32F1xx_HAL_Driver/Src/stm32f1xx_hal.o
                0x08002ed8                HAL_GetTick
 .text.HAL_Delay
                0x08002eec       0x48 ./Drivers/STM32F1xx_HAL_Driver/Src/stm32f1xx_hal.o
                0x08002eec                HAL_Delay
 .text.HAL_ADC_Init
                0x08002f34      0x1b0 ./Drivers/STM32F1xx_HAL_Driver/Src/stm32f1xx_hal_adc.o
                0x08002f34                HAL_ADC_Init
 .text.HAL_ADC_Start
                0x080030e4      0x15c ./Drivers/STM32F1xx_HAL_Driver/Src/stm32f1xx_hal_adc.o
                0x080030e4                HAL_ADC_Start
 .text.HAL_ADC_Stop
                0x08003240       0x58 ./Drivers/STM32F1xx_HAL_Driver/Src/stm32f1xx_hal_adc.o
                0x08003240                HAL_ADC_Stop
 .text.HAL_ADC_PollForConversion
                0x08003298      0x20c ./Drivers/STM32F1xx_HAL_Driver/Src/stm32f1xx_hal_adc.o
                0x08003298                HAL_ADC_PollForConversion
 .text.HAL_ADC_GetValue
                0x080034a4       0x18 ./Drivers/STM32F1xx_HAL_Driver/Src/stm32f1xx_hal_adc.o
                0x080034a4                HAL_ADC_GetValue
 .text.HAL_ADC_ConfigChannel
                0x080034bc      0x1f0 ./Drivers/STM32F1xx_HAL_Driver/Src/stm32f1xx_hal_adc.o
                0x080034bc                HAL_ADC_ConfigChannel
 .text.ADC_Enable
                0x080036ac       0xb4 ./Drivers/STM32F1xx_HAL_Driver/Src/stm32f1xx_hal_adc.o
                0x080036ac                ADC_Enable
 .text.ADC_ConversionStop_Disable
                0x08003760       0x82 ./Drivers/STM32F1xx_HAL_Driver/Src/stm32f1xx_hal_adc.o
                0x08003760                ADC_ConversionStop_Disable
 *fill*         0x080037e2        0x2 
 .text.HAL_ADCEx_Calibration_Start
                0x080037e4      0x15c ./Drivers/STM32F1xx_HAL_Driver/Src/stm32f1xx_hal_adc_ex.o
                0x080037e4                HAL_ADCEx_Calibration_Start
 .text.__NVIC_SetPriorityGrouping
                0x08003940       0x48 ./Drivers/STM32F1xx_HAL_Driver/Src/stm32f1xx_hal_cortex.o
 .text.__NVIC_GetPriorityGrouping
                0x08003988       0x1c ./Drivers/STM32F1xx_HAL_Driver/Src/stm32f1xx_hal_cortex.o
 .text.__NVIC_EnableIRQ
                0x080039a4       0x38 ./Drivers/STM32F1xx_HAL_Driver/Src/stm32f1xx_hal_cortex.o
 .text.__NVIC_SetPriority
                0x080039dc       0x54 ./Drivers/STM32F1xx_HAL_Driver/Src/stm32f1xx_hal_cortex.o
 .text.NVIC_EncodePriority
                0x08003a30       0x64 ./Drivers/STM32F1xx_HAL_Driver/Src/stm32f1xx_hal_cortex.o
 .text.HAL_NVIC_SetPriorityGrouping
                0x08003a94       0x16 ./Drivers/STM32F1xx_HAL_Driver/Src/stm32f1xx_hal_cortex.o
                0x08003a94                HAL_NVIC_SetPriorityGrouping
 .text.HAL_NVIC_SetPriority
                0x08003aaa       0x38 ./Drivers/STM32F1xx_HAL_Driver/Src/stm32f1xx_hal_cortex.o
                0x08003aaa                HAL_NVIC_SetPriority
 .text.HAL_NVIC_EnableIRQ
                0x08003ae2       0x1c ./Drivers/STM32F1xx_HAL_Driver/Src/stm32f1xx_hal_cortex.o
                0x08003ae2                HAL_NVIC_EnableIRQ
 *fill*         0x08003afe        0x2 
 .text.HAL_DMA_Init
                0x08003b00       0xb4 ./Drivers/STM32F1xx_HAL_Driver/Src/stm32f1xx_hal_dma.o
                0x08003b00                HAL_DMA_Init
 .text.HAL_DMA_Start_IT
                0x08003bb4       0xc0 ./Drivers/STM32F1xx_HAL_Driver/Src/stm32f1xx_hal_dma.o
                0x08003bb4                HAL_DMA_Start_IT
 .text.HAL_DMA_IRQHandler
                0x08003c74      0x20c ./Drivers/STM32F1xx_HAL_Driver/Src/stm32f1xx_hal_dma.o
                0x08003c74                HAL_DMA_IRQHandler
 .text.DMA_SetConfig
                0x08003e80       0x5a ./Drivers/STM32F1xx_HAL_Driver/Src/stm32f1xx_hal_dma.o
 *fill*         0x08003eda        0x2 
 .text.HAL_GPIO_Init
                0x08003edc      0x308 ./Drivers/STM32F1xx_HAL_Driver/Src/stm32f1xx_hal_gpio.o
                0x08003edc                HAL_GPIO_Init
 .text.HAL_GPIO_WritePin
                0x080041e4       0x30 ./Drivers/STM32F1xx_HAL_Driver/Src/stm32f1xx_hal_gpio.o
                0x080041e4                HAL_GPIO_WritePin
 .text.HAL_I2C_Init
                0x08004214      0x288 ./Drivers/STM32F1xx_HAL_Driver/Src/stm32f1xx_hal_i2c.o
                0x08004214                HAL_I2C_Init
 .text.HAL_I2C_Mem_Write
                0x0800449c      0x1f4 ./Drivers/STM32F1xx_HAL_Driver/Src/stm32f1xx_hal_i2c.o
                0x0800449c                HAL_I2C_Mem_Write
 .text.HAL_I2C_Mem_Read
                0x08004690      0x4d0 ./Drivers/STM32F1xx_HAL_Driver/Src/stm32f1xx_hal_i2c.o
                0x08004690                HAL_I2C_Mem_Read
 .text.I2C_RequestMemoryWrite
                0x08004b60      0x12c ./Drivers/STM32F1xx_HAL_Driver/Src/stm32f1xx_hal_i2c.o
 .text.I2C_RequestMemoryRead
                0x08004c8c      0x1d0 ./Drivers/STM32F1xx_HAL_Driver/Src/stm32f1xx_hal_i2c.o
 .text.I2C_WaitOnFlagUntilTimeout
                0x08004e5c       0xf4 ./Drivers/STM32F1xx_HAL_Driver/Src/stm32f1xx_hal_i2c.o
 .text.I2C_WaitOnMasterAddressFlagUntilTimeout
                0x08004f50      0x140 ./Drivers/STM32F1xx_HAL_Driver/Src/stm32f1xx_hal_i2c.o
 .text.I2C_WaitOnTXEFlagUntilTimeout
                0x08005090       0x90 ./Drivers/STM32F1xx_HAL_Driver/Src/stm32f1xx_hal_i2c.o
 .text.I2C_WaitOnBTFFlagUntilTimeout
                0x08005120       0x90 ./Drivers/STM32F1xx_HAL_Driver/Src/stm32f1xx_hal_i2c.o
 .text.I2C_WaitOnRXNEFlagUntilTimeout
                0x080051b0       0xba ./Drivers/STM32F1xx_HAL_Driver/Src/stm32f1xx_hal_i2c.o
 .text.I2C_IsAcknowledgeFailed
                0x0800526a       0x5c ./Drivers/STM32F1xx_HAL_Driver/Src/stm32f1xx_hal_i2c.o
 .text.HAL_PCD_Init
                0x080052c6      0x1fe ./Drivers/STM32F1xx_HAL_Driver/Src/stm32f1xx_hal_pcd.o
                0x080052c6                HAL_PCD_Init
 .text.HAL_RCC_OscConfig
                0x080054c4      0x504 ./Drivers/STM32F1xx_HAL_Driver/Src/stm32f1xx_hal_rcc.o
                0x080054c4                HAL_RCC_OscConfig
 .text.HAL_RCC_ClockConfig
                0x080059c8      0x1d4 ./Drivers/STM32F1xx_HAL_Driver/Src/stm32f1xx_hal_rcc.o
                0x080059c8                HAL_RCC_ClockConfig
 .text.HAL_RCC_GetSysClockFreq
                0x08005b9c       0xac ./Drivers/STM32F1xx_HAL_Driver/Src/stm32f1xx_hal_rcc.o
                0x08005b9c                HAL_RCC_GetSysClockFreq
 .text.HAL_RCC_GetHCLKFreq
                0x08005c48       0x14 ./Drivers/STM32F1xx_HAL_Driver/Src/stm32f1xx_hal_rcc.o
                0x08005c48                HAL_RCC_GetHCLKFreq
 .text.HAL_RCC_GetPCLK1Freq
                0x08005c5c       0x28 ./Drivers/STM32F1xx_HAL_Driver/Src/stm32f1xx_hal_rcc.o
                0x08005c5c                HAL_RCC_GetPCLK1Freq
 .text.HAL_RCC_GetPCLK2Freq
                0x08005c84       0x28 ./Drivers/STM32F1xx_HAL_Driver/Src/stm32f1xx_hal_rcc.o
                0x08005c84                HAL_RCC_GetPCLK2Freq
 .text.HAL_RCC_GetClockConfig
                0x08005cac       0x60 ./Drivers/STM32F1xx_HAL_Driver/Src/stm32f1xx_hal_rcc.o
                0x08005cac                HAL_RCC_GetClockConfig
 .text.RCC_Delay
                0x08005d0c       0x3c ./Drivers/STM32F1xx_HAL_Driver/Src/stm32f1xx_hal_rcc.o
 .text.HAL_RCCEx_PeriphCLKConfig
                0x08005d48      0x16c ./Drivers/STM32F1xx_HAL_Driver/Src/stm32f1xx_hal_rcc_ex.o
                0x08005d48                HAL_RCCEx_PeriphCLKConfig
 .text.HAL_RCCEx_GetPeriphCLKFreq
                0x08005eb4      0x16c ./Drivers/STM32F1xx_HAL_Driver/Src/stm32f1xx_hal_rcc_ex.o
                0x08005eb4                HAL_RCCEx_GetPeriphCLKFreq
 .text.HAL_SPI_Init
                0x08006020      0x108 ./Drivers/STM32F1xx_HAL_Driver/Src/stm32f1xx_hal_spi.o
                0x08006020                HAL_SPI_Init
 .text.HAL_SPI_Transmit
                0x08006128      0x286 ./Drivers/STM32F1xx_HAL_Driver/Src/stm32f1xx_hal_spi.o
                0x08006128                HAL_SPI_Transmit
 .text.HAL_SPI_TransmitReceive
                0x080063ae      0x360 ./Drivers/STM32F1xx_HAL_Driver/Src/stm32f1xx_hal_spi.o
                0x080063ae                HAL_SPI_TransmitReceive
 *fill*         0x0800670e        0x2 
 .text.HAL_SPI_Transmit_DMA
                0x08006710      0x164 ./Drivers/STM32F1xx_HAL_Driver/Src/stm32f1xx_hal_spi.o
                0x08006710                HAL_SPI_Transmit_DMA
 .text.HAL_SPI_TxCpltCallback
                0x08006874       0x12 ./Drivers/STM32F1xx_HAL_Driver/Src/stm32f1xx_hal_spi.o
                0x08006874                HAL_SPI_TxCpltCallback
 .text.HAL_SPI_TxHalfCpltCallback
                0x08006886       0x12 ./Drivers/STM32F1xx_HAL_Driver/Src/stm32f1xx_hal_spi.o
                0x08006886                HAL_SPI_TxHalfCpltCallback
 .text.HAL_SPI_ErrorCallback
                0x08006898       0x12 ./Drivers/STM32F1xx_HAL_Driver/Src/stm32f1xx_hal_spi.o
                0x08006898                HAL_SPI_ErrorCallback
 .text.SPI_DMATransmitCplt
                0x080068aa       0xa6 ./Drivers/STM32F1xx_HAL_Driver/Src/stm32f1xx_hal_spi.o
 .text.SPI_DMAHalfTransmitCplt
                0x08006950       0x1c ./Drivers/STM32F1xx_HAL_Driver/Src/stm32f1xx_hal_spi.o
 .text.SPI_DMAError
                0x0800696c       0x40 ./Drivers/STM32F1xx_HAL_Driver/Src/stm32f1xx_hal_spi.o
 .text.SPI_WaitFlagStateUntilTimeout
                0x080069ac      0x110 ./Drivers/STM32F1xx_HAL_Driver/Src/stm32f1xx_hal_spi.o
 .text.SPI_EndRxTxTransaction
                0x08006abc       0x3c ./Drivers/STM32F1xx_HAL_Driver/Src/stm32f1xx_hal_spi.o
 .text.HAL_TIM_Base_Init
                0x08006af8       0x9e ./Drivers/STM32F1xx_HAL_Driver/Src/stm32f1xx_hal_tim.o
                0x08006af8                HAL_TIM_Base_Init
 .text.HAL_TIM_Base_MspInit
                0x08006b96       0x12 ./Drivers/STM32F1xx_HAL_Driver/Src/stm32f1xx_hal_tim.o
                0x08006b96                HAL_TIM_Base_MspInit
 .text.HAL_TIM_Base_Start_IT
                0x08006ba8       0xa4 ./Drivers/STM32F1xx_HAL_Driver/Src/stm32f1xx_hal_tim.o
                0x08006ba8                HAL_TIM_Base_Start_IT
 .text.HAL_TIM_PWM_Init
                0x08006c4c       0x9e ./Drivers/STM32F1xx_HAL_Driver/Src/stm32f1xx_hal_tim.o
                0x08006c4c                HAL_TIM_PWM_Init
 *fill*         0x08006cea        0x2 
 .text.HAL_TIM_PWM_Start
                0x08006cec      0x144 ./Drivers/STM32F1xx_HAL_Driver/Src/stm32f1xx_hal_tim.o
                0x08006cec                HAL_TIM_PWM_Start
 .text.HAL_TIM_PWM_Stop
                0x08006e30       0xc8 ./Drivers/STM32F1xx_HAL_Driver/Src/stm32f1xx_hal_tim.o
                0x08006e30                HAL_TIM_PWM_Stop
 .text.HAL_TIM_IRQHandler
                0x08006ef8      0x210 ./Drivers/STM32F1xx_HAL_Driver/Src/stm32f1xx_hal_tim.o
                0x08006ef8                HAL_TIM_IRQHandler
 .text.HAL_TIM_PWM_ConfigChannel
                0x08007108      0x184 ./Drivers/STM32F1xx_HAL_Driver/Src/stm32f1xx_hal_tim.o
                0x08007108                HAL_TIM_PWM_ConfigChannel
 .text.HAL_TIM_OC_DelayElapsedCallback
                0x0800728c       0x12 ./Drivers/STM32F1xx_HAL_Driver/Src/stm32f1xx_hal_tim.o
                0x0800728c                HAL_TIM_OC_DelayElapsedCallback
 .text.HAL_TIM_IC_CaptureCallback
                0x0800729e       0x12 ./Drivers/STM32F1xx_HAL_Driver/Src/stm32f1xx_hal_tim.o
                0x0800729e                HAL_TIM_IC_CaptureCallback
 .text.HAL_TIM_PWM_PulseFinishedCallback
                0x080072b0       0x12 ./Drivers/STM32F1xx_HAL_Driver/Src/stm32f1xx_hal_tim.o
                0x080072b0                HAL_TIM_PWM_PulseFinishedCallback
 .text.HAL_TIM_TriggerCallback
                0x080072c2       0x12 ./Drivers/STM32F1xx_HAL_Driver/Src/stm32f1xx_hal_tim.o
                0x080072c2                HAL_TIM_TriggerCallback
 .text.TIM_Base_SetConfig
                0x080072d4       0xc4 ./Drivers/STM32F1xx_HAL_Driver/Src/stm32f1xx_hal_tim.o
                0x080072d4                TIM_Base_SetConfig
 .text.TIM_OC1_SetConfig
                0x08007398       0xcc ./Drivers/STM32F1xx_HAL_Driver/Src/stm32f1xx_hal_tim.o
 .text.TIM_OC2_SetConfig
                0x08007464       0xd4 ./Drivers/STM32F1xx_HAL_Driver/Src/stm32f1xx_hal_tim.o
                0x08007464                TIM_OC2_SetConfig
 .text.TIM_OC3_SetConfig
                0x08007538       0xd4 ./Drivers/STM32F1xx_HAL_Driver/Src/stm32f1xx_hal_tim.o
 .text.TIM_OC4_SetConfig
                0x0800760c       0x9c ./Drivers/STM32F1xx_HAL_Driver/Src/stm32f1xx_hal_tim.o
 .text.TIM_CCxChannelCmd
                0x080076a8       0x48 ./Drivers/STM32F1xx_HAL_Driver/Src/stm32f1xx_hal_tim.o
                0x080076a8                TIM_CCxChannelCmd
 .text.HAL_TIMEx_MasterConfigSynchronization
                0x080076f0       0xbc ./Drivers/STM32F1xx_HAL_Driver/Src/stm32f1xx_hal_tim_ex.o
                0x080076f0                HAL_TIMEx_MasterConfigSynchronization
 .text.HAL_TIMEx_CommutCallback
                0x080077ac       0x12 ./Drivers/STM32F1xx_HAL_Driver/Src/stm32f1xx_hal_tim_ex.o
                0x080077ac                HAL_TIMEx_CommutCallback
 .text.HAL_TIMEx_BreakCallback
                0x080077be       0x12 ./Drivers/STM32F1xx_HAL_Driver/Src/stm32f1xx_hal_tim_ex.o
                0x080077be                HAL_TIMEx_BreakCallback
 .text.HAL_UART_Init
                0x080077d0       0xa0 ./Drivers/STM32F1xx_HAL_Driver/Src/stm32f1xx_hal_uart.o
                0x080077d0                HAL_UART_Init
 .text.HAL_UART_Transmit
                0x08007870      0x106 ./Drivers/STM32F1xx_HAL_Driver/Src/stm32f1xx_hal_uart.o
                0x08007870                HAL_UART_Transmit
 .text.UART_WaitOnFlagUntilTimeout
                0x08007976       0xdc ./Drivers/STM32F1xx_HAL_Driver/Src/stm32f1xx_hal_uart.o
 *fill*         0x08007a52        0x2 
 .text.UART_SetConfig
                0x08007a54      0x11c ./Drivers/STM32F1xx_HAL_Driver/Src/stm32f1xx_hal_uart.o
 .text.USB_CoreInit
                0x08007b70       0x20 ./Drivers/STM32F1xx_HAL_Driver/Src/stm32f1xx_ll_usb.o
                0x08007b70                USB_CoreInit
 .text.USB_DisableGlobalInt
                0x08007b90       0x34 ./Drivers/STM32F1xx_HAL_Driver/Src/stm32f1xx_ll_usb.o
                0x08007b90                USB_DisableGlobalInt
 .text.USB_SetCurrentMode
                0x08007bc4       0x18 ./Drivers/STM32F1xx_HAL_Driver/Src/stm32f1xx_ll_usb.o
                0x08007bc4                USB_SetCurrentMode
 .text.USB_DevInit
                0x08007bdc       0x40 ./Drivers/STM32F1xx_HAL_Driver/Src/stm32f1xx_ll_usb.o
                0x08007bdc                USB_DevInit
 .text.USB_DevDisconnect
                0x08007c1c       0x14 ./Drivers/STM32F1xx_HAL_Driver/Src/stm32f1xx_ll_usb.o
                0x08007c1c                USB_DevDisconnect
 .text.MX_FATFS_Init
                0x08007c30       0x24 ./FATFS/App/fatfs.o
                0x08007c30                MX_FATFS_Init
 .text.USER_initialize
                0x08007c54       0x2c ./FATFS/Target/user_diskio.o
                0x08007c54                USER_initialize
 .text.USER_status
                0x08007c80       0x2c ./FATFS/Target/user_diskio.o
                0x08007c80                USER_status
 .text.USER_read
                0x08007cac       0x2a ./FATFS/Target/user_diskio.o
                0x08007cac                USER_read
 .text.USER_write
                0x08007cd6       0x2a ./FATFS/Target/user_diskio.o
                0x08007cd6                USER_write
 .text.USER_ioctl
                0x08007d00       0x2a ./FATFS/Target/user_diskio.o
                0x08007d00                USER_ioctl
 .text.SELECT   0x08007d2a        0xc ./FATFS_SD/FATFS_SD.o
 .text.DESELECT
                0x08007d36        0xc ./FATFS_SD/FATFS_SD.o
 *fill*         0x08007d42        0x2 
 .text.SPI_TxByte
                0x08007d44       0x34 ./FATFS_SD/FATFS_SD.o
 .text.SPI_TxBuffer
                0x08007d78       0x34 ./FATFS_SD/FATFS_SD.o
 .text.SPI_RxByte
                0x08007dac       0x38 ./FATFS_SD/FATFS_SD.o
 .text.SPI_RxBytePtr
                0x08007de4       0x1c ./FATFS_SD/FATFS_SD.o
 .text.SD_ReadyWait
                0x08007e00       0x34 ./FATFS_SD/FATFS_SD.o
 .text.SD_PowerOn
                0x08007e34       0x84 ./FATFS_SD/FATFS_SD.o
 .text.SD_PowerOff
                0x08007eb8       0x18 ./FATFS_SD/FATFS_SD.o
 .text.SD_CheckPower
                0x08007ed0       0x14 ./FATFS_SD/FATFS_SD.o
 .text.SD_RxDataBlock
                0x08007ee4       0x5c ./FATFS_SD/FATFS_SD.o
 .text.SD_TxDataBlock
                0x08007f40       0x86 ./FATFS_SD/FATFS_SD.o
 .text.SD_SendCmd
                0x08007fc6       0xa8 ./FATFS_SD/FATFS_SD.o
 *fill*         0x0800806e        0x2 
 .text.SD_disk_initialize
                0x08008070      0x1cc ./FATFS_SD/FATFS_SD.o
                0x08008070                SD_disk_initialize
 .text.SD_disk_status
                0x0800823c       0x28 ./FATFS_SD/FATFS_SD.o
                0x0800823c                SD_disk_status
 .text.SD_disk_read
                0x08008264       0xd4 ./FATFS_SD/FATFS_SD.o
                0x08008264                SD_disk_read
 .text.SD_disk_write
                0x08008338      0x108 ./FATFS_SD/FATFS_SD.o
                0x08008338                SD_disk_write
 .text.SD_disk_ioctl
                0x08008440      0x254 ./FATFS_SD/FATFS_SD.o
                0x08008440                SD_disk_ioctl
 .text.FATFS_LinkDriverEx
                0x08008694       0x94 ./Middlewares/Third_Party/FatFs/src/ff_gen_drv.o
                0x08008694                FATFS_LinkDriverEx
 .text.FATFS_LinkDriver
                0x08008728       0x1e ./Middlewares/Third_Party/FatFs/src/ff_gen_drv.o
                0x08008728                FATFS_LinkDriver
 *fill*         0x08008746        0x2 
 .text.osKernelInitialize
                0x08008748       0x64 ./Middlewares/Third_Party/FreeRTOS/Source/CMSIS_RTOS_V2/cmsis_os2.o
                0x08008748                osKernelInitialize
 .text.osKernelStart
                0x080087ac       0x68 ./Middlewares/Third_Party/FreeRTOS/Source/CMSIS_RTOS_V2/cmsis_os2.o
                0x080087ac                osKernelStart
 .text.osThreadNew
                0x08008814      0x154 ./Middlewares/Third_Party/FreeRTOS/Source/CMSIS_RTOS_V2/cmsis_os2.o
                0x08008814                osThreadNew
 .text.osDelay  0x08008968       0x5c ./Middlewares/Third_Party/FreeRTOS/Source/CMSIS_RTOS_V2/cmsis_os2.o
                0x08008968                osDelay
 .text.vApplicationGetIdleTaskMemory
                0x080089c4       0x30 ./Middlewares/Third_Party/FreeRTOS/Source/CMSIS_RTOS_V2/cmsis_os2.o
                0x080089c4                vApplicationGetIdleTaskMemory
 .text.vApplicationGetTimerTaskMemory
                0x080089f4       0x34 ./Middlewares/Third_Party/FreeRTOS/Source/CMSIS_RTOS_V2/cmsis_os2.o
                0x080089f4                vApplicationGetTimerTaskMemory
 .text.vListInitialise
                0x08008a28       0x3e ./Middlewares/Third_Party/FreeRTOS/Source/list.o
                0x08008a28                vListInitialise
 .text.vListInitialiseItem
                0x08008a66       0x18 ./Middlewares/Third_Party/FreeRTOS/Source/list.o
                0x08008a66                vListInitialiseItem
 .text.vListInsertEnd
                0x08008a7e       0x46 ./Middlewares/Third_Party/FreeRTOS/Source/list.o
                0x08008a7e                vListInsertEnd
 .text.vListInsert
                0x08008ac4       0x70 ./Middlewares/Third_Party/FreeRTOS/Source/list.o
                0x08008ac4                vListInsert
 .text.uxListRemove
                0x08008b34       0x52 ./Middlewares/Third_Party/FreeRTOS/Source/list.o
                0x08008b34                uxListRemove
 *fill*         0x08008b86        0x2 
 .text.xQueueGenericReset
                0x08008b88       0xd4 ./Middlewares/Third_Party/FreeRTOS/Source/queue.o
                0x08008b88                xQueueGenericReset
 .text.xQueueGenericCreateStatic
                0x08008c5c       0xf8 ./Middlewares/Third_Party/FreeRTOS/Source/queue.o
                0x08008c5c                xQueueGenericCreateStatic
 .text.prvInitialiseNewQueue
                0x08008d54       0x46 ./Middlewares/Third_Party/FreeRTOS/Source/queue.o
 *fill*         0x08008d9a        0x2 
 .text.xQueueGenericSend
                0x08008d9c      0x204 ./Middlewares/Third_Party/FreeRTOS/Source/queue.o
                0x08008d9c                xQueueGenericSend
 .text.xQueueGenericSendFromISR
                0x08008fa0      0x136 ./Middlewares/Third_Party/FreeRTOS/Source/queue.o
                0x08008fa0                xQueueGenericSendFromISR
 *fill*         0x080090d6        0x2 
 .text.xQueueReceive
                0x080090d8      0x1c4 ./Middlewares/Third_Party/FreeRTOS/Source/queue.o
                0x080090d8                xQueueReceive
 .text.prvCopyDataToQueue
                0x0800929c       0xd4 ./Middlewares/Third_Party/FreeRTOS/Source/queue.o
 .text.prvCopyDataFromQueue
                0x08009370       0x4c ./Middlewares/Third_Party/FreeRTOS/Source/queue.o
 .text.prvUnlockQueue
                0x080093bc       0xa4 ./Middlewares/Third_Party/FreeRTOS/Source/queue.o
 .text.prvIsQueueEmpty
                0x08009460       0x2c ./Middlewares/Third_Party/FreeRTOS/Source/queue.o
 .text.prvIsQueueFull
                0x0800948c       0x30 ./Middlewares/Third_Party/FreeRTOS/Source/queue.o
 .text.vQueueAddToRegistry
                0x080094bc       0x50 ./Middlewares/Third_Party/FreeRTOS/Source/queue.o
                0x080094bc                vQueueAddToRegistry
 .text.vQueueWaitForMessageRestricted
                0x0800950c       0x68 ./Middlewares/Third_Party/FreeRTOS/Source/queue.o
                0x0800950c                vQueueWaitForMessageRestricted
 .text.xTaskCreateStatic
                0x08009574       0xbe ./Middlewares/Third_Party/FreeRTOS/Source/tasks.o
                0x08009574                xTaskCreateStatic
 .text.xTaskCreate
                0x08009632       0x8a ./Middlewares/Third_Party/FreeRTOS/Source/tasks.o
                0x08009632                xTaskCreate
 .text.prvInitialiseNewTask
                0x080096bc      0x140 ./Middlewares/Third_Party/FreeRTOS/Source/tasks.o
 .text.prvAddNewTaskToReadyList
                0x080097fc       0xe0 ./Middlewares/Third_Party/FreeRTOS/Source/tasks.o
 .text.vTaskDelay
                0x080098dc       0x6c ./Middlewares/Third_Party/FreeRTOS/Source/tasks.o
                0x080098dc                vTaskDelay
 .text.vTaskStartScheduler
                0x08009948       0xe0 ./Middlewares/Third_Party/FreeRTOS/Source/tasks.o
                0x08009948                vTaskStartScheduler
 .text.vTaskSuspendAll
                0x08009a28       0x1c ./Middlewares/Third_Party/FreeRTOS/Source/tasks.o
                0x08009a28                vTaskSuspendAll
 .text.xTaskResumeAll
                0x08009a44      0x13c ./Middlewares/Third_Party/FreeRTOS/Source/tasks.o
                0x08009a44                xTaskResumeAll
 .text.xTaskGetTickCount
                0x08009b80       0x1c ./Middlewares/Third_Party/FreeRTOS/Source/tasks.o
                0x08009b80                xTaskGetTickCount
 .text.xTaskIncrementTick
                0x08009b9c      0x180 ./Middlewares/Third_Party/FreeRTOS/Source/tasks.o
                0x08009b9c                xTaskIncrementTick
 .text.vTaskSwitchContext
                0x08009d1c       0xc8 ./Middlewares/Third_Party/FreeRTOS/Source/tasks.o
                0x08009d1c                vTaskSwitchContext
 .text.vTaskPlaceOnEventList
                0x08009de4       0x4c ./Middlewares/Third_Party/FreeRTOS/Source/tasks.o
                0x08009de4                vTaskPlaceOnEventList
 .text.vTaskPlaceOnEventListRestricted
                0x08009e30       0x58 ./Middlewares/Third_Party/FreeRTOS/Source/tasks.o
                0x08009e30                vTaskPlaceOnEventListRestricted
 .text.xTaskRemoveFromEventList
                0x08009e88       0xc8 ./Middlewares/Third_Party/FreeRTOS/Source/tasks.o
                0x08009e88                xTaskRemoveFromEventList
 .text.vTaskInternalSetTimeOutState
                0x08009f50       0x2c ./Middlewares/Third_Party/FreeRTOS/Source/tasks.o
                0x08009f50                vTaskInternalSetTimeOutState
 .text.xTaskCheckForTimeOut
                0x08009f7c       0xc8 ./Middlewares/Third_Party/FreeRTOS/Source/tasks.o
                0x08009f7c                xTaskCheckForTimeOut
 .text.vTaskMissedYield
                0x0800a044       0x18 ./Middlewares/Third_Party/FreeRTOS/Source/tasks.o
                0x0800a044                vTaskMissedYield
 .text.prvIdleTask
                0x0800a05c       0x30 ./Middlewares/Third_Party/FreeRTOS/Source/tasks.o
 .text.prvInitialiseTaskLists
                0x0800a08c       0x80 ./Middlewares/Third_Party/FreeRTOS/Source/tasks.o
 .text.prvCheckTasksWaitingTermination
                0x0800a10c       0x5c ./Middlewares/Third_Party/FreeRTOS/Source/tasks.o
 .text.prvDeleteTCB
                0x0800a168       0x6a ./Middlewares/Third_Party/FreeRTOS/Source/tasks.o
 *fill*         0x0800a1d2        0x2 
 .text.prvResetNextTaskUnblockTime
                0x0800a1d4       0x48 ./Middlewares/Third_Party/FreeRTOS/Source/tasks.o
 .text.xTaskGetSchedulerState
                0x0800a21c       0x3c ./Middlewares/Third_Party/FreeRTOS/Source/tasks.o
                0x0800a21c                xTaskGetSchedulerState
 .text.xTaskPriorityDisinherit
                0x0800a258       0xe0 ./Middlewares/Third_Party/FreeRTOS/Source/tasks.o
                0x0800a258                xTaskPriorityDisinherit
 .text.prvAddCurrentTaskToDelayedList
                0x0800a338       0xa8 ./Middlewares/Third_Party/FreeRTOS/Source/tasks.o
 .text.xTimerCreateTimerTask
                0x0800a3e0       0x94 ./Middlewares/Third_Party/FreeRTOS/Source/timers.o
                0x0800a3e0                xTimerCreateTimerTask
 .text.xTimerGenericCommand
                0x0800a474       0x9c ./Middlewares/Third_Party/FreeRTOS/Source/timers.o
                0x0800a474                xTimerGenericCommand
 .text.prvProcessExpiredTimer
                0x0800a510       0x84 ./Middlewares/Third_Party/FreeRTOS/Source/timers.o
 .text.prvTimerTask
                0x0800a594       0x26 ./Middlewares/Third_Party/FreeRTOS/Source/timers.o
 *fill*         0x0800a5ba        0x2 
 .text.prvProcessTimerOrBlockTask
                0x0800a5bc       0x9c ./Middlewares/Third_Party/FreeRTOS/Source/timers.o
 .text.prvGetNextExpireTime
                0x0800a658       0x48 ./Middlewares/Third_Party/FreeRTOS/Source/timers.o
 .text.prvSampleTimeNow
                0x0800a6a0       0x40 ./Middlewares/Third_Party/FreeRTOS/Source/timers.o
 .text.prvInsertTimerInActiveList
                0x0800a6e0       0x84 ./Middlewares/Third_Party/FreeRTOS/Source/timers.o
 .text.prvProcessReceivedCommands
                0x0800a764      0x178 ./Middlewares/Third_Party/FreeRTOS/Source/timers.o
 .text.prvSwitchTimerLists
                0x0800a8dc       0xc4 ./Middlewares/Third_Party/FreeRTOS/Source/timers.o
 .text.prvCheckForValidListAndQueue
                0x0800a9a0       0x80 ./Middlewares/Third_Party/FreeRTOS/Source/timers.o
 .text.pxPortInitialiseStack
                0x0800aa20       0x58 ./Middlewares/Third_Party/FreeRTOS/Source/portable/GCC/ARM_CM3/port.o
                0x0800aa20                pxPortInitialiseStack
 .text.prvTaskExitError
                0x0800aa78       0x58 ./Middlewares/Third_Party/FreeRTOS/Source/portable/GCC/ARM_CM3/port.o
 .text.SVC_Handler
                0x0800aad0       0x28 ./Middlewares/Third_Party/FreeRTOS/Source/portable/GCC/ARM_CM3/port.o
                0x0800aad0                SVC_Handler
 .text.prvPortStartFirstTask
                0x0800aaf8       0x20 ./Middlewares/Third_Party/FreeRTOS/Source/portable/GCC/ARM_CM3/port.o
 .text.xPortStartScheduler
                0x0800ab18       0xe4 ./Middlewares/Third_Party/FreeRTOS/Source/portable/GCC/ARM_CM3/port.o
                0x0800ab18                xPortStartScheduler
 .text.vPortEnterCritical
                0x0800abfc       0x60 ./Middlewares/Third_Party/FreeRTOS/Source/portable/GCC/ARM_CM3/port.o
                0x0800abfc                vPortEnterCritical
 .text.vPortExitCritical
                0x0800ac5c       0x54 ./Middlewares/Third_Party/FreeRTOS/Source/portable/GCC/ARM_CM3/port.o
                0x0800ac5c                vPortExitCritical
 .text.PendSV_Handler
                0x0800acb0       0x48 ./Middlewares/Third_Party/FreeRTOS/Source/portable/GCC/ARM_CM3/port.o
                0x0800acb0                PendSV_Handler
 .text.SysTick_Handler
                0x0800acf8       0x44 ./Middlewares/Third_Party/FreeRTOS/Source/portable/GCC/ARM_CM3/port.o
                0x0800acf8                SysTick_Handler
 .text.vPortSetupTimerInterrupt
                0x0800ad3c       0x44 ./Middlewares/Third_Party/FreeRTOS/Source/portable/GCC/ARM_CM3/port.o
                0x0800ad3c                vPortSetupTimerInterrupt
 .text.vPortValidateInterruptPriority
                0x0800ad80       0x80 ./Middlewares/Third_Party/FreeRTOS/Source/portable/GCC/ARM_CM3/port.o
                0x0800ad80                vPortValidateInterruptPriority
 .text.pvPortMalloc
                0x0800ae00      0x190 ./Middlewares/Third_Party/FreeRTOS/Source/portable/MemMang/heap_4.o
                0x0800ae00                pvPortMalloc
 .text.vPortFree
                0x0800af90       0xb8 ./Middlewares/Third_Party/FreeRTOS/Source/portable/MemMang/heap_4.o
                0x0800af90                vPortFree
 .text.prvHeapInit
                0x0800b048       0xc4 ./Middlewares/Third_Party/FreeRTOS/Source/portable/MemMang/heap_4.o
 .text.prvInsertBlockIntoFreeList
                0x0800b10c       0xb0 ./Middlewares/Third_Party/FreeRTOS/Source/portable/MemMang/heap_4.o
 .text.sbrk_aligned
                0x0800b1bc       0x44 C:/ST/STM32CubeIDE_1.14.0/STM32CubeIDE/plugins/com.st.stm32cube.ide.mcu.externaltools.gnu-tools-for-stm32.12.3.rel1.win32_1.0.100.202403111256/tools/bin/../lib/gcc/arm-none-eabi/12.3.1/../../../../arm-none-eabi/lib/thumb/v7-m/nofp\libc_nano.a(libc_a-mallocr.o)
 .text._malloc_r
                0x0800b200      0x100 C:/ST/STM32CubeIDE_1.14.0/STM32CubeIDE/plugins/com.st.stm32cube.ide.mcu.externaltools.gnu-tools-for-stm32.12.3.rel1.win32_1.0.100.202403111256/tools/bin/../lib/gcc/arm-none-eabi/12.3.1/../../../../arm-none-eabi/lib/thumb/v7-m/nofp\libc_nano.a(libc_a-mallocr.o)
                0x0800b200                _malloc_r
 .text.__malloc_lock
                0x0800b300        0xc C:/ST/STM32CubeIDE_1.14.0/STM32CubeIDE/plugins/com.st.stm32cube.ide.mcu.externaltools.gnu-tools-for-stm32.12.3.rel1.win32_1.0.100.202403111256/tools/bin/../lib/gcc/arm-none-eabi/12.3.1/../../../../arm-none-eabi/lib/thumb/v7-m/nofp\libc_nano.a(libc_a-mlock.o)
                0x0800b300                __malloc_lock
 .text.__malloc_unlock
                0x0800b30c        0xc C:/ST/STM32CubeIDE_1.14.0/STM32CubeIDE/plugins/com.st.stm32cube.ide.mcu.externaltools.gnu-tools-for-stm32.12.3.rel1.win32_1.0.100.202403111256/tools/bin/../lib/gcc/arm-none-eabi/12.3.1/../../../../arm-none-eabi/lib/thumb/v7-m/nofp\libc_nano.a(libc_a-mlock.o)
                0x0800b30c                __malloc_unlock
 .text._realloc_r
                0x0800b318       0x5c C:/ST/STM32CubeIDE_1.14.0/STM32CubeIDE/plugins/com.st.stm32cube.ide.mcu.externaltools.gnu-tools-for-stm32.12.3.rel1.win32_1.0.100.202403111256/tools/bin/../lib/gcc/arm-none-eabi/12.3.1/../../../../arm-none-eabi/lib/thumb/v7-m/nofp\libc_nano.a(libc_a-reallocr.o)
                0x0800b318                _realloc_r
 .text.snprintf
                0x0800b374       0x68 C:/ST/STM32CubeIDE_1.14.0/STM32CubeIDE/plugins/com.st.stm32cube.ide.mcu.externaltools.gnu-tools-for-stm32.12.3.rel1.win32_1.0.100.202403111256/tools/bin/../lib/gcc/arm-none-eabi/12.3.1/../../../../arm-none-eabi/lib/thumb/v7-m/nofp\libc_nano.a(libc_a-snprintf.o)
                0x0800b374                sniprintf
                0x0800b374                snprintf
 .text.memset   0x0800b3dc       0x10 C:/ST/STM32CubeIDE_1.14.0/STM32CubeIDE/plugins/com.st.stm32cube.ide.mcu.externaltools.gnu-tools-for-stm32.12.3.rel1.win32_1.0.100.202403111256/tools/bin/../lib/gcc/arm-none-eabi/12.3.1/../../../../arm-none-eabi/lib/thumb/v7-m/nofp\libc_nano.a(libc_a-memset.o)
                0x0800b3dc                memset
 .text._reclaim_reent
                0x0800b3ec       0xac C:/ST/STM32CubeIDE_1.14.0/STM32CubeIDE/plugins/com.st.stm32cube.ide.mcu.externaltools.gnu-tools-for-stm32.12.3.rel1.win32_1.0.100.202403111256/tools/bin/../lib/gcc/arm-none-eabi/12.3.1/../../../../arm-none-eabi/lib/thumb/v7-m/nofp\libc_nano.a(libc_a-reent.o)
                0x0800b3ec                _reclaim_reent
 .text._sbrk_r  0x0800b498       0x20 C:/ST/STM32CubeIDE_1.14.0/STM32CubeIDE/plugins/com.st.stm32cube.ide.mcu.externaltools.gnu-tools-for-stm32.12.3.rel1.win32_1.0.100.202403111256/tools/bin/../lib/gcc/arm-none-eabi/12.3.1/../../../../arm-none-eabi/lib/thumb/v7-m/nofp\libc_nano.a(libc_a-sbrkr.o)
                0x0800b498                _sbrk_r
 .text.__errno  0x0800b4b8        0xc C:/ST/STM32CubeIDE_1.14.0/STM32CubeIDE/plugins/com.st.stm32cube.ide.mcu.externaltools.gnu-tools-for-stm32.12.3.rel1.win32_1.0.100.202403111256/tools/bin/../lib/gcc/arm-none-eabi/12.3.1/../../../../arm-none-eabi/lib/thumb/v7-m/nofp\libc_nano.a(libc_a-errno.o)
                0x0800b4b8                __errno
 .text.__libc_init_array
                0x0800b4c4       0x48 C:/ST/STM32CubeIDE_1.14.0/STM32CubeIDE/plugins/com.st.stm32cube.ide.mcu.externaltools.gnu-tools-for-stm32.12.3.rel1.win32_1.0.100.202403111256/tools/bin/../lib/gcc/arm-none-eabi/12.3.1/../../../../arm-none-eabi/lib/thumb/v7-m/nofp\libc_nano.a(libc_a-init.o)
                0x0800b4c4                __libc_init_array
 .text.__retarget_lock_acquire_recursive
                0x0800b50c        0x2 C:/ST/STM32CubeIDE_1.14.0/STM32CubeIDE/plugins/com.st.stm32cube.ide.mcu.externaltools.gnu-tools-for-stm32.12.3.rel1.win32_1.0.100.202403111256/tools/bin/../lib/gcc/arm-none-eabi/12.3.1/../../../../arm-none-eabi/lib/thumb/v7-m/nofp\libc_nano.a(libc_a-lock.o)
                0x0800b50c                __retarget_lock_acquire_recursive
 .text.__retarget_lock_release_recursive
                0x0800b50e        0x2 C:/ST/STM32CubeIDE_1.14.0/STM32CubeIDE/plugins/com.st.stm32cube.ide.mcu.externaltools.gnu-tools-for-stm32.12.3.rel1.win32_1.0.100.202403111256/tools/bin/../lib/gcc/arm-none-eabi/12.3.1/../../../../arm-none-eabi/lib/thumb/v7-m/nofp\libc_nano.a(libc_a-lock.o)
                0x0800b50e                __retarget_lock_release_recursive
 .text.memcpy   0x0800b510       0x1c C:/ST/STM32CubeIDE_1.14.0/STM32CubeIDE/plugins/com.st.stm32cube.ide.mcu.externaltools.gnu-tools-for-stm32.12.3.rel1.win32_1.0.100.202403111256/tools/bin/../lib/gcc/arm-none-eabi/12.3.1/../../../../arm-none-eabi/lib/thumb/v7-m/nofp\libc_nano.a(libc_a-memcpy-stub.o)
                0x0800b510                memcpy
 .text._free_r  0x0800b52c       0x90 C:/ST/STM32CubeIDE_1.14.0/STM32CubeIDE/plugins/com.st.stm32cube.ide.mcu.externaltools.gnu-tools-for-stm32.12.3.rel1.win32_1.0.100.202403111256/tools/bin/../lib/gcc/arm-none-eabi/12.3.1/../../../../arm-none-eabi/lib/thumb/v7-m/nofp\libc_nano.a(libc_a-freer.o)
                0x0800b52c                _free_r
 .text._malloc_usable_size_r
                0x0800b5bc       0x10 C:/ST/STM32CubeIDE_1.14.0/STM32CubeIDE/plugins/com.st.stm32cube.ide.mcu.externaltools.gnu-tools-for-stm32.12.3.rel1.win32_1.0.100.202403111256/tools/bin/../lib/gcc/arm-none-eabi/12.3.1/../../../../arm-none-eabi/lib/thumb/v7-m/nofp\libc_nano.a(libc_a-msizer.o)
                0x0800b5bc                _malloc_usable_size_r
 .text.__ssputs_r
                0x0800b5cc       0xb6 C:/ST/STM32CubeIDE_1.14.0/STM32CubeIDE/plugins/com.st.stm32cube.ide.mcu.externaltools.gnu-tools-for-stm32.12.3.rel1.win32_1.0.100.202403111256/tools/bin/../lib/gcc/arm-none-eabi/12.3.1/../../../../arm-none-eabi/lib/thumb/v7-m/nofp\libc_nano.a(libc_a-nano-svfprintf.o)
                0x0800b5cc                __ssputs_r
 *fill*         0x0800b682        0x2 
 .text._svfprintf_r
                0x0800b684      0x1f8 C:/ST/STM32CubeIDE_1.14.0/STM32CubeIDE/plugins/com.st.stm32cube.ide.mcu.externaltools.gnu-tools-for-stm32.12.3.rel1.win32_1.0.100.202403111256/tools/bin/../lib/gcc/arm-none-eabi/12.3.1/../../../../arm-none-eabi/lib/thumb/v7-m/nofp\libc_nano.a(libc_a-nano-svfprintf.o)
                0x0800b684                _svfiprintf_r
                0x0800b684                _svfprintf_r
 .text._printf_common
                0x0800b87c       0xe4 C:/ST/STM32CubeIDE_1.14.0/STM32CubeIDE/plugins/com.st.stm32cube.ide.mcu.externaltools.gnu-tools-for-stm32.12.3.rel1.win32_1.0.100.202403111256/tools/bin/../lib/gcc/arm-none-eabi/12.3.1/../../../../arm-none-eabi/lib/thumb/v7-m/nofp\libc_nano.a(libc_a-nano-vfprintf_i.o)
                0x0800b87c                _printf_common
 .text._printf_i
                0x0800b960      0x240 C:/ST/STM32CubeIDE_1.14.0/STM32CubeIDE/plugins/com.st.stm32cube.ide.mcu.externaltools.gnu-tools-for-stm32.12.3.rel1.win32_1.0.100.202403111256/tools/bin/../lib/gcc/arm-none-eabi/12.3.1/../../../../arm-none-eabi/lib/thumb/v7-m/nofp\libc_nano.a(libc_a-nano-vfprintf_i.o)
                0x0800b960                _printf_i
 .text.memmove  0x0800bba0       0x34 C:/ST/STM32CubeIDE_1.14.0/STM32CubeIDE/plugins/com.st.stm32cube.ide.mcu.externaltools.gnu-tools-for-stm32.12.3.rel1.win32_1.0.100.202403111256/tools/bin/../lib/gcc/arm-none-eabi/12.3.1/../../../../arm-none-eabi/lib/thumb/v7-m/nofp\libc_nano.a(libc_a-memmove.o)
                0x0800bba0                memmove
 .text.memchr   0x0800bbd4       0x1c C:/ST/STM32CubeIDE_1.14.0/STM32CubeIDE/plugins/com.st.stm32cube.ide.mcu.externaltools.gnu-tools-for-stm32.12.3.rel1.win32_1.0.100.202403111256/tools/bin/../lib/gcc/arm-none-eabi/12.3.1/../../../../arm-none-eabi/lib/thumb/v7-m/nofp\libc_nano.a(libc_a-memchr-stub.o)
                0x0800bbd4                memchr
 *(.glue_7)
 .glue_7        0x0800bbf0        0x0 linker stubs
 *(.glue_7t)
 .glue_7t       0x0800bbf0        0x0 linker stubs
 *(.eh_frame)
 .eh_frame      0x0800bbf0        0x0 C:/ST/STM32CubeIDE_1.14.0/STM32CubeIDE/plugins/com.st.stm32cube.ide.mcu.externaltools.gnu-tools-for-stm32.12.3.rel1.win32_1.0.100.202403111256/tools/bin/../lib/gcc/arm-none-eabi/12.3.1/thumb/v7-m/nofp/crtbegin.o
 *(.init)
 .init          0x0800bbf0        0x4 C:/ST/STM32CubeIDE_1.14.0/STM32CubeIDE/plugins/com.st.stm32cube.ide.mcu.externaltools.gnu-tools-for-stm32.12.3.rel1.win32_1.0.100.202403111256/tools/bin/../lib/gcc/arm-none-eabi/12.3.1/thumb/v7-m/nofp/crti.o
                0x0800bbf0                _init
 .init          0x0800bbf4        0x8 C:/ST/STM32CubeIDE_1.14.0/STM32CubeIDE/plugins/com.st.stm32cube.ide.mcu.externaltools.gnu-tools-for-stm32.12.3.rel1.win32_1.0.100.202403111256/tools/bin/../lib/gcc/arm-none-eabi/12.3.1/thumb/v7-m/nofp/crtn.o
 *(.fini)
 .fini          0x0800bbfc        0x4 C:/ST/STM32CubeIDE_1.14.0/STM32CubeIDE/plugins/com.st.stm32cube.ide.mcu.externaltools.gnu-tools-for-stm32.12.3.rel1.win32_1.0.100.202403111256/tools/bin/../lib/gcc/arm-none-eabi/12.3.1/thumb/v7-m/nofp/crti.o
                0x0800bbfc                _fini
 .fini          0x0800bc00        0x8 C:/ST/STM32CubeIDE_1.14.0/STM32CubeIDE/plugins/com.st.stm32cube.ide.mcu.externaltools.gnu-tools-for-stm32.12.3.rel1.win32_1.0.100.202403111256/tools/bin/../lib/gcc/arm-none-eabi/12.3.1/thumb/v7-m/nofp/crtn.o
                0x0800bc08                        . = ALIGN (0x4)
                0x0800bc08                        _etext = .

.vfp11_veneer   0x0800bc08        0x0
 .vfp11_veneer  0x0800bc08        0x0 linker stubs

.v4_bx          0x0800bc08        0x0
 .v4_bx         0x0800bc08        0x0 linker stubs

.iplt           0x0800bc08        0x0
 .iplt          0x0800bc08        0x0 C:/ST/STM32CubeIDE_1.14.0/STM32CubeIDE/plugins/com.st.stm32cube.ide.mcu.externaltools.gnu-tools-for-stm32.12.3.rel1.win32_1.0.100.202403111256/tools/bin/../lib/gcc/arm-none-eabi/12.3.1/thumb/v7-m/nofp/crtbegin.o

.rodata         0x0800bc08     0x1030
                0x0800bc08                        . = ALIGN (0x4)
 *(.rodata)
 .rodata        0x0800bc08      0x12c ./Core/Src/freertos.o
 .rodata        0x0800bd34       0x10 ./Core/Src/main.o
 .rodata        0x0800bd44       0x9f ./Core/Src/st7789.o
 *fill*         0x0800bde3        0x1 
 .rodata        0x0800bde4        0x5 ./Middlewares/Third_Party/FreeRTOS/Source/tasks.o
 *fill*         0x0800bde9        0x3 
 .rodata        0x0800bdec        0xd ./Middlewares/Third_Party/FreeRTOS/Source/timers.o
 *(.rodata*)
 *fill*         0x0800bdf9        0x3 
 .rodata.Font11x18
                0x0800bdfc      0xd5c ./Core/Src/fonts.o
 .rodata.defaultTask_attributes
                0x0800cb58       0x24 ./Core/Src/freertos.o
                0x0800cb58                defaultTask_attributes
 .rodata.myTask02_attributes
                0x0800cb7c       0x24 ./Core/Src/freertos.o
                0x0800cb7c                myTask02_attributes
 .rodata.myTask03_attributes
                0x0800cba0       0x24 ./Core/Src/freertos.o
                0x0800cba0                myTask03_attributes
 .rodata.AHBPrescTable
                0x0800cbc4       0x10 ./Core/Src/system_stm32f1xx.o
                0x0800cbc4                AHBPrescTable
 .rodata.APBPrescTable
                0x0800cbd4        0x8 ./Core/Src/system_stm32f1xx.o
                0x0800cbd4                APBPrescTable
 .rodata.aPLLMULFactorTable.1
                0x0800cbdc       0x10 ./Drivers/STM32F1xx_HAL_Driver/Src/stm32f1xx_hal_rcc.o
 .rodata.aPredivFactorTable.0
                0x0800cbec        0x2 ./Drivers/STM32F1xx_HAL_Driver/Src/stm32f1xx_hal_rcc.o
 *fill*         0x0800cbee        0x2 
 .rodata.aPLLMULFactorTable.1
                0x0800cbf0       0x10 ./Drivers/STM32F1xx_HAL_Driver/Src/stm32f1xx_hal_rcc_ex.o
 .rodata.aPredivFactorTable.0
                0x0800cc00        0x2 ./Drivers/STM32F1xx_HAL_Driver/Src/stm32f1xx_hal_rcc_ex.o
 .rodata._svfprintf_r.str1.1
                0x0800cc02       0x11 C:/ST/STM32CubeIDE_1.14.0/STM32CubeIDE/plugins/com.st.stm32cube.ide.mcu.externaltools.gnu-tools-for-stm32.12.3.rel1.win32_1.0.100.202403111256/tools/bin/../lib/gcc/arm-none-eabi/12.3.1/../../../../arm-none-eabi/lib/thumb/v7-m/nofp\libc_nano.a(libc_a-nano-svfprintf.o)
 .rodata._printf_i.str1.1
                0x0800cc13       0x22 C:/ST/STM32CubeIDE_1.14.0/STM32CubeIDE/plugins/com.st.stm32cube.ide.mcu.externaltools.gnu-tools-for-stm32.12.3.rel1.win32_1.0.100.202403111256/tools/bin/../lib/gcc/arm-none-eabi/12.3.1/../../../../arm-none-eabi/lib/thumb/v7-m/nofp\libc_nano.a(libc_a-nano-vfprintf_i.o)
                0x0800cc38                        . = ALIGN (0x4)
 *fill*         0x0800cc35        0x3 

.ARM.extab      0x0800cc38        0x0
                0x0800cc38                        . = ALIGN (0x4)
 *(.ARM.extab* .gnu.linkonce.armextab.*)
                0x0800cc38                        . = ALIGN (0x4)

.ARM            0x0800cc38        0x8
                0x0800cc38                        . = ALIGN (0x4)
                0x0800cc38                        __exidx_start = .
 *(.ARM.exidx*)
 .ARM.exidx     0x0800cc38        0x8 C:/ST/STM32CubeIDE_1.14.0/STM32CubeIDE/plugins/com.st.stm32cube.ide.mcu.externaltools.gnu-tools-for-stm32.12.3.rel1.win32_1.0.100.202403111256/tools/bin/../lib/gcc/arm-none-eabi/12.3.1/../../../../arm-none-eabi/lib/thumb/v7-m/nofp\libc_nano.a(libc_a-strlen.o)
                0x0800cc40                        __exidx_end = .
                0x0800cc40                        . = ALIGN (0x4)

.preinit_array  0x0800cc40        0x0
                0x0800cc40                        . = ALIGN (0x4)
                0x0800cc40                        PROVIDE (__preinit_array_start = .)
 *(.preinit_array*)
                0x0800cc40                        PROVIDE (__preinit_array_end = .)
                0x0800cc40                        . = ALIGN (0x4)

.init_array     0x0800cc40        0x4
                0x0800cc40                        . = ALIGN (0x4)
                0x0800cc40                        PROVIDE (__init_array_start = .)
 *(SORT_BY_NAME(.init_array.*))
 *(.init_array*)
 .init_array    0x0800cc40        0x4 C:/ST/STM32CubeIDE_1.14.0/STM32CubeIDE/plugins/com.st.stm32cube.ide.mcu.externaltools.gnu-tools-for-stm32.12.3.rel1.win32_1.0.100.202403111256/tools/bin/../lib/gcc/arm-none-eabi/12.3.1/thumb/v7-m/nofp/crtbegin.o
                0x0800cc44                        PROVIDE (__init_array_end = .)
                0x0800cc44                        . = ALIGN (0x4)

.fini_array     0x0800cc44        0x4
                0x0800cc44                        . = ALIGN (0x4)
                [!provide]                        PROVIDE (__fini_array_start = .)
 *(SORT_BY_NAME(.fini_array.*))
 *(.fini_array*)
 .fini_array    0x0800cc44        0x4 C:/ST/STM32CubeIDE_1.14.0/STM32CubeIDE/plugins/com.st.stm32cube.ide.mcu.externaltools.gnu-tools-for-stm32.12.3.rel1.win32_1.0.100.202403111256/tools/bin/../lib/gcc/arm-none-eabi/12.3.1/thumb/v7-m/nofp/crtbegin.o
                [!provide]                        PROVIDE (__fini_array_end = .)
                0x0800cc48                        . = ALIGN (0x4)
                0x0800cc48                        _sidata = LOADADDR (.data)

.rel.dyn        0x0800cc48        0x0
 .rel.iplt      0x0800cc48        0x0 C:/ST/STM32CubeIDE_1.14.0/STM32CubeIDE/plugins/com.st.stm32cube.ide.mcu.externaltools.gnu-tools-for-stm32.12.3.rel1.win32_1.0.100.202403111256/tools/bin/../lib/gcc/arm-none-eabi/12.3.1/thumb/v7-m/nofp/crtbegin.o

.data           0x20000000      0x68c load address 0x0800cc48
                0x20000000                        . = ALIGN (0x4)
                0x20000000                        _sdata = .
 *(.data)
 *(.data*)
 .data.Font_11x18
                0x20000000        0x8 ./Core/Src/fonts.o
                0x20000000                Font_11x18
 .data.send_Flag
                0x20000008        0x1 ./Core/Src/freertos.o
                0x20000008                send_Flag
 .data.data     0x20000009        0x1 ./Core/Src/freertos.o
                0x20000009                data
 *fill*         0x2000000a        0x2 
 .data.pwmVal   0x2000000c        0x4 ./Core/Src/main.o
                0x2000000c                pwmVal
 .data.COS      0x20000010      0x5a0 ./Core/Src/math3D.o
                0x20000010                COS
 .data.Rect     0x200005b0       0x60 ./Core/Src/math3D.o
                0x200005b0                Rect
 .data.DMA_MIN_SIZE
                0x20000610        0x2 ./Core/Src/st7789.o
                0x20000610                DMA_MIN_SIZE
 *fill*         0x20000612        0x2 
 .data.SystemCoreClock
                0x20000614        0x4 ./Core/Src/system_stm32f1xx.o
                0x20000614                SystemCoreClock
 .data.uwTickPrio
                0x20000618        0x4 ./Drivers/STM32F1xx_HAL_Driver/Src/stm32f1xx_hal.o
                0x20000618                uwTickPrio
 .data.uwTickFreq
                0x2000061c        0x1 ./Drivers/STM32F1xx_HAL_Driver/Src/stm32f1xx_hal.o
                0x2000061c                uwTickFreq
 .data.Stat     0x2000061d        0x1 ./FATFS/Target/user_diskio.o
 *fill*         0x2000061e        0x2 
 .data.USER_Driver
                0x20000620       0x14 ./FATFS/Target/user_diskio.o
                0x20000620                USER_Driver
 .data.Stat     0x20000634        0x1 ./FATFS_SD/FATFS_SD.o
 *fill*         0x20000635        0x3 
 .data.uxCriticalNesting
                0x20000638        0x4 ./Middlewares/Third_Party/FreeRTOS/Source/portable/GCC/ARM_CM3/port.o
 .data._impure_ptr
                0x2000063c        0x4 C:/ST/STM32CubeIDE_1.14.0/STM32CubeIDE/plugins/com.st.stm32cube.ide.mcu.externaltools.gnu-tools-for-stm32.12.3.rel1.win32_1.0.100.202403111256/tools/bin/../lib/gcc/arm-none-eabi/12.3.1/../../../../arm-none-eabi/lib/thumb/v7-m/nofp\libc_nano.a(libc_a-impure.o)
                0x2000063c                _impure_ptr
 .data._impure_data
                0x20000640       0x4c C:/ST/STM32CubeIDE_1.14.0/STM32CubeIDE/plugins/com.st.stm32cube.ide.mcu.externaltools.gnu-tools-for-stm32.12.3.rel1.win32_1.0.100.202403111256/tools/bin/../lib/gcc/arm-none-eabi/12.3.1/../../../../arm-none-eabi/lib/thumb/v7-m/nofp\libc_nano.a(libc_a-impure.o)
                0x20000640                _impure_data
 *(.RamFunc)
 *(.RamFunc*)
                0x2000068c                        . = ALIGN (0x4)
                0x2000068c                        _edata = .

.igot.plt       0x2000068c        0x0 load address 0x0800d2d4
 .igot.plt      0x2000068c        0x0 C:/ST/STM32CubeIDE_1.14.0/STM32CubeIDE/plugins/com.st.stm32cube.ide.mcu.externaltools.gnu-tools-for-stm32.12.3.rel1.win32_1.0.100.202403111256/tools/bin/../lib/gcc/arm-none-eabi/12.3.1/thumb/v7-m/nofp/crtbegin.o
                0x2000068c                        . = ALIGN (0x4)

.bss            0x2000068c     0x2c24 load address 0x0800d2d4
                0x2000068c                        _sbss = .
                0x2000068c                        __bss_start__ = _sbss
 *(.bss)
 .bss           0x2000068c       0x1c C:/ST/STM32CubeIDE_1.14.0/STM32CubeIDE/plugins/com.st.stm32cube.ide.mcu.externaltools.gnu-tools-for-stm32.12.3.rel1.win32_1.0.100.202403111256/tools/bin/../lib/gcc/arm-none-eabi/12.3.1/thumb/v7-m/nofp/crtbegin.o
 *(.bss*)
 .bss.hadc1     0x200006a8       0x30 ./Core/Src/adc.o
                0x200006a8                hadc1
 .bss.hadc2     0x200006d8       0x30 ./Core/Src/adc.o
                0x200006d8                hadc2
 .bss.IMU_SensorData_Raw
                0x20000708        0xe ./Core/Src/bsp_mpu6050.o
                0x20000708                IMU_SensorData_Raw
 *fill*         0x20000716        0x2 
 .bss.B         0x20000718       0x60 ./Core/Src/freertos.o
                0x20000718                B
 .bss.C         0x20000778       0x40 ./Core/Src/freertos.o
                0x20000778                C
 .bss.D         0x200007b8       0x40 ./Core/Src/freertos.o
                0x200007b8                D
 .bss.addr      0x200007f8        0x1 ./Core/Src/freertos.o
                0x200007f8                addr
 *fill*         0x200007f9        0x3 
 .bss.defaultTaskHandle
                0x200007fc        0x4 ./Core/Src/freertos.o
                0x200007fc                defaultTaskHandle
 .bss.myTask02Handle
                0x20000800        0x4 ./Core/Src/freertos.o
                0x20000800                myTask02Handle
 .bss.myTask03Handle
                0x20000804        0x4 ./Core/Src/freertos.o
                0x20000804                myTask03Handle
 .bss.hi2c1     0x20000808       0x54 ./Core/Src/i2c.o
                0x20000808                hi2c1
 .bss.hi2c2     0x2000085c       0x54 ./Core/Src/i2c.o
                0x2000085c                hi2c2
 .bss.ADC_BAT_Value
                0x200008b0        0x2 ./Core/Src/main.o
                0x200008b0                ADC_BAT_Value
 .bss.ADC_KEY_Value
                0x200008b2        0x2 ./Core/Src/main.o
                0x200008b2                ADC_KEY_Value
 .bss.KEY_Flag  0x200008b4        0x1 ./Core/Src/main.o
                0x200008b4                KEY_Flag
 *fill*         0x200008b5        0x3 
 .bss.hspi1     0x200008b8       0x58 ./Core/Src/spi.o
                0x200008b8                hspi1
 .bss.hspi2     0x20000910       0x58 ./Core/Src/spi.o
                0x20000910                hspi2
 .bss.hdma_spi1_tx
                0x20000968       0x44 ./Core/Src/spi.o
                0x20000968                hdma_spi1_tx
 .bss.disp_buf  0x200009ac      0x960 ./Core/Src/st7789.o
                0x200009ac                disp_buf
 .bss.htim1     0x2000130c       0x48 ./Core/Src/stm32f1xx_hal_timebase_tim.o
                0x2000130c                htim1
 .bss.__sbrk_heap_end
                0x20001354        0x4 ./Core/Src/sysmem.o
 .bss.htim2     0x20001358       0x48 ./Core/Src/tim.o
                0x20001358                htim2
 .bss.htim3     0x200013a0       0x48 ./Core/Src/tim.o
                0x200013a0                htim3
 .bss.huart1    0x200013e8       0x48 ./Core/Src/usart.o
                0x200013e8                huart1
 .bss.huart2    0x20001430       0x48 ./Core/Src/usart.o
                0x20001430                huart2
 .bss.hpcd_USB_FS
                0x20001478      0x2f0 ./Core/Src/usb.o
                0x20001478                hpcd_USB_FS
 .bss.uwTick    0x20001768        0x4 ./Drivers/STM32F1xx_HAL_Driver/Src/stm32f1xx_hal.o
                0x20001768                uwTick
 .bss.retUSER   0x2000176c        0x1 ./FATFS/App/fatfs.o
                0x2000176c                retUSER
 *fill*         0x2000176d        0x3 
 .bss.USERPath  0x20001770        0x4 ./FATFS/App/fatfs.o
                0x20001770                USERPath
 .bss.Timer1    0x20001774        0x2 ./FATFS_SD/FATFS_SD.o
                0x20001774                Timer1
 .bss.Timer2    0x20001776        0x2 ./FATFS_SD/FATFS_SD.o
                0x20001776                Timer2
 .bss.CardType  0x20001778        0x1 ./FATFS_SD/FATFS_SD.o
 .bss.PowerFlag
                0x20001779        0x1 ./FATFS_SD/FATFS_SD.o
 *fill*         0x2000177a        0x2 
 .bss.disk      0x2000177c        0xc ./Middlewares/Third_Party/FatFs/src/ff_gen_drv.o
                0x2000177c                disk
 .bss.KernelState
                0x20001788        0x4 ./Middlewares/Third_Party/FreeRTOS/Source/CMSIS_RTOS_V2/cmsis_os2.o
 .bss.Idle_TCB  0x2000178c       0xa8 ./Middlewares/Third_Party/FreeRTOS/Source/CMSIS_RTOS_V2/cmsis_os2.o
 .bss.Idle_Stack
                0x20001834      0x200 ./Middlewares/Third_Party/FreeRTOS/Source/CMSIS_RTOS_V2/cmsis_os2.o
 .bss.Timer_TCB
                0x20001a34       0xa8 ./Middlewares/Third_Party/FreeRTOS/Source/CMSIS_RTOS_V2/cmsis_os2.o
 .bss.Timer_Stack
                0x20001adc      0x400 ./Middlewares/Third_Party/FreeRTOS/Source/CMSIS_RTOS_V2/cmsis_os2.o
 .bss.xQueueRegistry
                0x20001edc       0x40 ./Middlewares/Third_Party/FreeRTOS/Source/queue.o
                0x20001edc                xQueueRegistry
 .bss.pxCurrentTCB
                0x20001f1c        0x4 ./Middlewares/Third_Party/FreeRTOS/Source/tasks.o
                0x20001f1c                pxCurrentTCB
 .bss.pxReadyTasksLists
                0x20001f20      0x460 ./Middlewares/Third_Party/FreeRTOS/Source/tasks.o
 .bss.xDelayedTaskList1
                0x20002380       0x14 ./Middlewares/Third_Party/FreeRTOS/Source/tasks.o
 .bss.xDelayedTaskList2
                0x20002394       0x14 ./Middlewares/Third_Party/FreeRTOS/Source/tasks.o
 .bss.pxDelayedTaskList
                0x200023a8        0x4 ./Middlewares/Third_Party/FreeRTOS/Source/tasks.o
 .bss.pxOverflowDelayedTaskList
                0x200023ac        0x4 ./Middlewares/Third_Party/FreeRTOS/Source/tasks.o
 .bss.xPendingReadyList
                0x200023b0       0x14 ./Middlewares/Third_Party/FreeRTOS/Source/tasks.o
 .bss.xTasksWaitingTermination
                0x200023c4       0x14 ./Middlewares/Third_Party/FreeRTOS/Source/tasks.o
 .bss.uxDeletedTasksWaitingCleanUp
                0x200023d8        0x4 ./Middlewares/Third_Party/FreeRTOS/Source/tasks.o
 .bss.xSuspendedTaskList
                0x200023dc       0x14 ./Middlewares/Third_Party/FreeRTOS/Source/tasks.o
 .bss.uxCurrentNumberOfTasks
                0x200023f0        0x4 ./Middlewares/Third_Party/FreeRTOS/Source/tasks.o
 .bss.xTickCount
                0x200023f4        0x4 ./Middlewares/Third_Party/FreeRTOS/Source/tasks.o
 .bss.uxTopReadyPriority
                0x200023f8        0x4 ./Middlewares/Third_Party/FreeRTOS/Source/tasks.o
 .bss.xSchedulerRunning
                0x200023fc        0x4 ./Middlewares/Third_Party/FreeRTOS/Source/tasks.o
 .bss.uxPendedTicks
                0x20002400        0x4 ./Middlewares/Third_Party/FreeRTOS/Source/tasks.o
 .bss.xYieldPending
                0x20002404        0x4 ./Middlewares/Third_Party/FreeRTOS/Source/tasks.o
 .bss.xNumOfOverflows
                0x20002408        0x4 ./Middlewares/Third_Party/FreeRTOS/Source/tasks.o
 .bss.uxTaskNumber
                0x2000240c        0x4 ./Middlewares/Third_Party/FreeRTOS/Source/tasks.o
 .bss.xNextTaskUnblockTime
                0x20002410        0x4 ./Middlewares/Third_Party/FreeRTOS/Source/tasks.o
 .bss.xIdleTaskHandle
                0x20002414        0x4 ./Middlewares/Third_Party/FreeRTOS/Source/tasks.o
 .bss.uxSchedulerSuspended
                0x20002418        0x4 ./Middlewares/Third_Party/FreeRTOS/Source/tasks.o
 .bss.xActiveTimerList1
                0x2000241c       0x14 ./Middlewares/Third_Party/FreeRTOS/Source/timers.o
 .bss.xActiveTimerList2
                0x20002430       0x14 ./Middlewares/Third_Party/FreeRTOS/Source/timers.o
 .bss.pxCurrentTimerList
                0x20002444        0x4 ./Middlewares/Third_Party/FreeRTOS/Source/timers.o
 .bss.pxOverflowTimerList
                0x20002448        0x4 ./Middlewares/Third_Party/FreeRTOS/Source/timers.o
 .bss.xTimerQueue
                0x2000244c        0x4 ./Middlewares/Third_Party/FreeRTOS/Source/timers.o
 .bss.xTimerTaskHandle
                0x20002450        0x4 ./Middlewares/Third_Party/FreeRTOS/Source/timers.o
 .bss.xLastTime.2
                0x20002454        0x4 ./Middlewares/Third_Party/FreeRTOS/Source/timers.o
 .bss.ucStaticTimerQueueStorage.1
                0x20002458       0xa0 ./Middlewares/Third_Party/FreeRTOS/Source/timers.o
 .bss.xStaticTimerQueue.0
                0x200024f8       0x50 ./Middlewares/Third_Party/FreeRTOS/Source/timers.o
 .bss.ucMaxSysCallPriority
                0x20002548        0x1 ./Middlewares/Third_Party/FreeRTOS/Source/portable/GCC/ARM_CM3/port.o
 *fill*         0x20002549        0x3 
 .bss.ulMaxPRIGROUPValue
                0x2000254c        0x4 ./Middlewares/Third_Party/FreeRTOS/Source/portable/GCC/ARM_CM3/port.o
 .bss.ucHeap    0x20002550      0xc00 ./Middlewares/Third_Party/FreeRTOS/Source/portable/MemMang/heap_4.o
 .bss.xStart    0x20003150        0x8 ./Middlewares/Third_Party/FreeRTOS/Source/portable/MemMang/heap_4.o
 .bss.pxEnd     0x20003158        0x4 ./Middlewares/Third_Party/FreeRTOS/Source/portable/MemMang/heap_4.o
 .bss.xFreeBytesRemaining
                0x2000315c        0x4 ./Middlewares/Third_Party/FreeRTOS/Source/portable/MemMang/heap_4.o
 .bss.xMinimumEverFreeBytesRemaining
                0x20003160        0x4 ./Middlewares/Third_Party/FreeRTOS/Source/portable/MemMang/heap_4.o
 .bss.xBlockAllocatedBit
                0x20003164        0x4 ./Middlewares/Third_Party/FreeRTOS/Source/portable/MemMang/heap_4.o
 .bss.__malloc_sbrk_start
                0x20003168        0x4 C:/ST/STM32CubeIDE_1.14.0/STM32CubeIDE/plugins/com.st.stm32cube.ide.mcu.externaltools.gnu-tools-for-stm32.12.3.rel1.win32_1.0.100.202403111256/tools/bin/../lib/gcc/arm-none-eabi/12.3.1/../../../../arm-none-eabi/lib/thumb/v7-m/nofp\libc_nano.a(libc_a-mallocr.o)
                0x20003168                __malloc_sbrk_start
 .bss.__malloc_free_list
                0x2000316c        0x4 C:/ST/STM32CubeIDE_1.14.0/STM32CubeIDE/plugins/com.st.stm32cube.ide.mcu.externaltools.gnu-tools-for-stm32.12.3.rel1.win32_1.0.100.202403111256/tools/bin/../lib/gcc/arm-none-eabi/12.3.1/../../../../arm-none-eabi/lib/thumb/v7-m/nofp\libc_nano.a(libc_a-mallocr.o)
                0x2000316c                __malloc_free_list
 .bss.__sf      0x20003170      0x138 C:/ST/STM32CubeIDE_1.14.0/STM32CubeIDE/plugins/com.st.stm32cube.ide.mcu.externaltools.gnu-tools-for-stm32.12.3.rel1.win32_1.0.100.202403111256/tools/bin/../lib/gcc/arm-none-eabi/12.3.1/../../../../arm-none-eabi/lib/thumb/v7-m/nofp\libc_nano.a(libc_a-findfp.o)
                0x20003170                __sf
 .bss.errno     0x200032a8        0x4 C:/ST/STM32CubeIDE_1.14.0/STM32CubeIDE/plugins/com.st.stm32cube.ide.mcu.externaltools.gnu-tools-for-stm32.12.3.rel1.win32_1.0.100.202403111256/tools/bin/../lib/gcc/arm-none-eabi/12.3.1/../../../../arm-none-eabi/lib/thumb/v7-m/nofp\libc_nano.a(libc_a-reent.o)
                0x200032a8                errno
 .bss.__lock___malloc_recursive_mutex
                0x200032ac        0x1 C:/ST/STM32CubeIDE_1.14.0/STM32CubeIDE/plugins/com.st.stm32cube.ide.mcu.externaltools.gnu-tools-for-stm32.12.3.rel1.win32_1.0.100.202403111256/tools/bin/../lib/gcc/arm-none-eabi/12.3.1/../../../../arm-none-eabi/lib/thumb/v7-m/nofp\libc_nano.a(libc_a-lock.o)
                0x200032ac                __lock___malloc_recursive_mutex
 *(COMMON)
                0x200032b0                        . = ALIGN (0x4)
 *fill*         0x200032ad        0x3 
                0x200032b0                        _ebss = .
                0x200032b0                        __bss_end__ = _ebss

._user_heap_stack
                0x200032b0      0x600 load address 0x0800d2d4
                0x200032b0                        . = ALIGN (0x8)
                [!provide]                        PROVIDE (end = .)
                0x200032b0                        PROVIDE (_end = .)
                0x200034b0                        . = (. + _Min_Heap_Size)
 *fill*         0x200032b0      0x200 
                0x200038b0                        . = (. + _Min_Stack_Size)
 *fill*         0x200034b0      0x400 
                0x200038b0                        . = ALIGN (0x8)

/DISCARD/
 libc.a(*)
 libm.a(*)
 libgcc.a(*)

.ARM.attributes
                0x00000000       0x29
 *(.ARM.attributes)
 .ARM.attributes
                0x00000000       0x1d C:/ST/STM32CubeIDE_1.14.0/STM32CubeIDE/plugins/com.st.stm32cube.ide.mcu.externaltools.gnu-tools-for-stm32.12.3.rel1.win32_1.0.100.202403111256/tools/bin/../lib/gcc/arm-none-eabi/12.3.1/thumb/v7-m/nofp/crti.o
 .ARM.attributes
                0x0000001d       0x2d C:/ST/STM32CubeIDE_1.14.0/STM32CubeIDE/plugins/com.st.stm32cube.ide.mcu.externaltools.gnu-tools-for-stm32.12.3.rel1.win32_1.0.100.202403111256/tools/bin/../lib/gcc/arm-none-eabi/12.3.1/thumb/v7-m/nofp/crtbegin.o
 .ARM.attributes
                0x0000004a       0x2d ./Core/Src/adc.o
 .ARM.attributes
                0x00000077       0x2d ./Core/Src/bsp_mpu6050.o
 .ARM.attributes
                0x000000a4       0x2d ./Core/Src/dma.o
 .ARM.attributes
                0x000000d1       0x2d ./Core/Src/fonts.o
 .ARM.attributes
                0x000000fe       0x2d ./Core/Src/freertos.o
 .ARM.attributes
                0x0000012b       0x2d ./Core/Src/gpio.o
 .ARM.attributes
                0x00000158       0x2d ./Core/Src/i2c.o
 .ARM.attributes
                0x00000185       0x2d ./Core/Src/main.o
 .ARM.attributes
                0x000001b2       0x2d ./Core/Src/math3D.o
 .ARM.attributes
                0x000001df       0x2d ./Core/Src/menu.o
 .ARM.attributes
                0x0000020c       0x2d ./Core/Src/spi.o
 .ARM.attributes
                0x00000239       0x2d ./Core/Src/st7789.o
 .ARM.attributes
                0x00000266       0x2d ./Core/Src/stm32f1xx_hal_msp.o
 .ARM.attributes
                0x00000293       0x2d ./Core/Src/stm32f1xx_hal_timebase_tim.o
 .ARM.attributes
                0x000002c0       0x2d ./Core/Src/stm32f1xx_it.o
 .ARM.attributes
                0x000002ed       0x2d ./Core/Src/sysmem.o
 .ARM.attributes
                0x0000031a       0x2d ./Core/Src/system_stm32f1xx.o
 .ARM.attributes
                0x00000347       0x2d ./Core/Src/tim.o
 .ARM.attributes
                0x00000374       0x2d ./Core/Src/usart.o
 .ARM.attributes
                0x000003a1       0x2d ./Core/Src/usb.o
 .ARM.attributes
                0x000003ce       0x21 ./Core/Startup/startup_stm32f103cbux.o
 .ARM.attributes
                0x000003ef       0x2d ./Drivers/STM32F1xx_HAL_Driver/Src/stm32f1xx_hal.o
 .ARM.attributes
                0x0000041c       0x2d ./Drivers/STM32F1xx_HAL_Driver/Src/stm32f1xx_hal_adc.o
 .ARM.attributes
                0x00000449       0x2d ./Drivers/STM32F1xx_HAL_Driver/Src/stm32f1xx_hal_adc_ex.o
 .ARM.attributes
                0x00000476       0x2d ./Drivers/STM32F1xx_HAL_Driver/Src/stm32f1xx_hal_cortex.o
 .ARM.attributes
                0x000004a3       0x2d ./Drivers/STM32F1xx_HAL_Driver/Src/stm32f1xx_hal_dma.o
 .ARM.attributes
                0x000004d0       0x2d ./Drivers/STM32F1xx_HAL_Driver/Src/stm32f1xx_hal_gpio.o
 .ARM.attributes
                0x000004fd       0x2d ./Drivers/STM32F1xx_HAL_Driver/Src/stm32f1xx_hal_i2c.o
 .ARM.attributes
                0x0000052a       0x2d ./Drivers/STM32F1xx_HAL_Driver/Src/stm32f1xx_hal_pcd.o
 .ARM.attributes
                0x00000557       0x2d ./Drivers/STM32F1xx_HAL_Driver/Src/stm32f1xx_hal_rcc.o
 .ARM.attributes
                0x00000584       0x2d ./Drivers/STM32F1xx_HAL_Driver/Src/stm32f1xx_hal_rcc_ex.o
 .ARM.attributes
                0x000005b1       0x2d ./Drivers/STM32F1xx_HAL_Driver/Src/stm32f1xx_hal_spi.o
 .ARM.attributes
                0x000005de       0x2d ./Drivers/STM32F1xx_HAL_Driver/Src/stm32f1xx_hal_tim.o
 .ARM.attributes
                0x0000060b       0x2d ./Drivers/STM32F1xx_HAL_Driver/Src/stm32f1xx_hal_tim_ex.o
 .ARM.attributes
                0x00000638       0x2d ./Drivers/STM32F1xx_HAL_Driver/Src/stm32f1xx_hal_uart.o
 .ARM.attributes
                0x00000665       0x2d ./Drivers/STM32F1xx_HAL_Driver/Src/stm32f1xx_ll_usb.o
 .ARM.attributes
                0x00000692       0x2d ./FATFS/App/fatfs.o
 .ARM.attributes
                0x000006bf       0x2d ./FATFS/Target/user_diskio.o
 .ARM.attributes
                0x000006ec       0x2d ./FATFS_SD/FATFS_SD.o
 .ARM.attributes
                0x00000719       0x2d ./Middlewares/Third_Party/FatFs/src/ff_gen_drv.o
 .ARM.attributes
                0x00000746       0x2d ./Middlewares/Third_Party/FreeRTOS/Source/CMSIS_RTOS_V2/cmsis_os2.o
 .ARM.attributes
                0x00000773       0x2d ./Middlewares/Third_Party/FreeRTOS/Source/list.o
 .ARM.attributes
                0x000007a0       0x2d ./Middlewares/Third_Party/FreeRTOS/Source/queue.o
 .ARM.attributes
                0x000007cd       0x2d ./Middlewares/Third_Party/FreeRTOS/Source/tasks.o
 .ARM.attributes
                0x000007fa       0x2d ./Middlewares/Third_Party/FreeRTOS/Source/timers.o
 .ARM.attributes
                0x00000827       0x2d ./Middlewares/Third_Party/FreeRTOS/Source/portable/GCC/ARM_CM3/port.o
 .ARM.attributes
                0x00000854       0x2d ./Middlewares/Third_Party/FreeRTOS/Source/portable/MemMang/heap_4.o
 .ARM.attributes
                0x00000881       0x2d C:/ST/STM32CubeIDE_1.14.0/STM32CubeIDE/plugins/com.st.stm32cube.ide.mcu.externaltools.gnu-tools-for-stm32.12.3.rel1.win32_1.0.100.202403111256/tools/bin/../lib/gcc/arm-none-eabi/12.3.1/../../../../arm-none-eabi/lib/thumb/v7-m/nofp\libc_nano.a(libc_a-mallocr.o)
 .ARM.attributes
                0x000008ae       0x2d C:/ST/STM32CubeIDE_1.14.0/STM32CubeIDE/plugins/com.st.stm32cube.ide.mcu.externaltools.gnu-tools-for-stm32.12.3.rel1.win32_1.0.100.202403111256/tools/bin/../lib/gcc/arm-none-eabi/12.3.1/../../../../arm-none-eabi/lib/thumb/v7-m/nofp\libc_nano.a(libc_a-mlock.o)
 .ARM.attributes
                0x000008db       0x2d C:/ST/STM32CubeIDE_1.14.0/STM32CubeIDE/plugins/com.st.stm32cube.ide.mcu.externaltools.gnu-tools-for-stm32.12.3.rel1.win32_1.0.100.202403111256/tools/bin/../lib/gcc/arm-none-eabi/12.3.1/../../../../arm-none-eabi/lib/thumb/v7-m/nofp\libc_nano.a(libc_a-reallocr.o)
 .ARM.attributes
                0x00000908       0x2d C:/ST/STM32CubeIDE_1.14.0/STM32CubeIDE/plugins/com.st.stm32cube.ide.mcu.externaltools.gnu-tools-for-stm32.12.3.rel1.win32_1.0.100.202403111256/tools/bin/../lib/gcc/arm-none-eabi/12.3.1/../../../../arm-none-eabi/lib/thumb/v7-m/nofp\libc_nano.a(libc_a-findfp.o)
 .ARM.attributes
                0x00000935       0x2d C:/ST/STM32CubeIDE_1.14.0/STM32CubeIDE/plugins/com.st.stm32cube.ide.mcu.externaltools.gnu-tools-for-stm32.12.3.rel1.win32_1.0.100.202403111256/tools/bin/../lib/gcc/arm-none-eabi/12.3.1/../../../../arm-none-eabi/lib/thumb/v7-m/nofp\libc_nano.a(libc_a-snprintf.o)
 .ARM.attributes
                0x00000962       0x2d C:/ST/STM32CubeIDE_1.14.0/STM32CubeIDE/plugins/com.st.stm32cube.ide.mcu.externaltools.gnu-tools-for-stm32.12.3.rel1.win32_1.0.100.202403111256/tools/bin/../lib/gcc/arm-none-eabi/12.3.1/../../../../arm-none-eabi/lib/thumb/v7-m/nofp\libc_nano.a(libc_a-memset.o)
 .ARM.attributes
                0x0000098f       0x2d C:/ST/STM32CubeIDE_1.14.0/STM32CubeIDE/plugins/com.st.stm32cube.ide.mcu.externaltools.gnu-tools-for-stm32.12.3.rel1.win32_1.0.100.202403111256/tools/bin/../lib/gcc/arm-none-eabi/12.3.1/../../../../arm-none-eabi/lib/thumb/v7-m/nofp\libc_nano.a(libc_a-reent.o)
 .ARM.attributes
                0x000009bc       0x2d C:/ST/STM32CubeIDE_1.14.0/STM32CubeIDE/plugins/com.st.stm32cube.ide.mcu.externaltools.gnu-tools-for-stm32.12.3.rel1.win32_1.0.100.202403111256/tools/bin/../lib/gcc/arm-none-eabi/12.3.1/../../../../arm-none-eabi/lib/thumb/v7-m/nofp\libc_nano.a(libc_a-impure.o)
 .ARM.attributes
                0x000009e9       0x2d C:/ST/STM32CubeIDE_1.14.0/STM32CubeIDE/plugins/com.st.stm32cube.ide.mcu.externaltools.gnu-tools-for-stm32.12.3.rel1.win32_1.0.100.202403111256/tools/bin/../lib/gcc/arm-none-eabi/12.3.1/../../../../arm-none-eabi/lib/thumb/v7-m/nofp\libc_nano.a(libc_a-sbrkr.o)
 .ARM.attributes
                0x00000a16       0x2d C:/ST/STM32CubeIDE_1.14.0/STM32CubeIDE/plugins/com.st.stm32cube.ide.mcu.externaltools.gnu-tools-for-stm32.12.3.rel1.win32_1.0.100.202403111256/tools/bin/../lib/gcc/arm-none-eabi/12.3.1/../../../../arm-none-eabi/lib/thumb/v7-m/nofp\libc_nano.a(libc_a-errno.o)
 .ARM.attributes
                0x00000a43       0x2d C:/ST/STM32CubeIDE_1.14.0/STM32CubeIDE/plugins/com.st.stm32cube.ide.mcu.externaltools.gnu-tools-for-stm32.12.3.rel1.win32_1.0.100.202403111256/tools/bin/../lib/gcc/arm-none-eabi/12.3.1/../../../../arm-none-eabi/lib/thumb/v7-m/nofp\libc_nano.a(libc_a-init.o)
 .ARM.attributes
                0x00000a70       0x2d C:/ST/STM32CubeIDE_1.14.0/STM32CubeIDE/plugins/com.st.stm32cube.ide.mcu.externaltools.gnu-tools-for-stm32.12.3.rel1.win32_1.0.100.202403111256/tools/bin/../lib/gcc/arm-none-eabi/12.3.1/../../../../arm-none-eabi/lib/thumb/v7-m/nofp\libc_nano.a(libc_a-lock.o)
 .ARM.attributes
                0x00000a9d       0x2d C:/ST/STM32CubeIDE_1.14.0/STM32CubeIDE/plugins/com.st.stm32cube.ide.mcu.externaltools.gnu-tools-for-stm32.12.3.rel1.win32_1.0.100.202403111256/tools/bin/../lib/gcc/arm-none-eabi/12.3.1/../../../../arm-none-eabi/lib/thumb/v7-m/nofp\libc_nano.a(libc_a-memcpy-stub.o)
 .ARM.attributes
                0x00000aca       0x17 C:/ST/STM32CubeIDE_1.14.0/STM32CubeIDE/plugins/com.st.stm32cube.ide.mcu.externaltools.gnu-tools-for-stm32.12.3.rel1.win32_1.0.100.202403111256/tools/bin/../lib/gcc/arm-none-eabi/12.3.1/../../../../arm-none-eabi/lib/thumb/v7-m/nofp\libc_nano.a(libc_a-strlen.o)
 .ARM.attributes
                0x00000ae1       0x2d C:/ST/STM32CubeIDE_1.14.0/STM32CubeIDE/plugins/com.st.stm32cube.ide.mcu.externaltools.gnu-tools-for-stm32.12.3.rel1.win32_1.0.100.202403111256/tools/bin/../lib/gcc/arm-none-eabi/12.3.1/../../../../arm-none-eabi/lib/thumb/v7-m/nofp\libc_nano.a(libc_a-freer.o)
 .ARM.attributes
                0x00000b0e       0x2d C:/ST/STM32CubeIDE_1.14.0/STM32CubeIDE/plugins/com.st.stm32cube.ide.mcu.externaltools.gnu-tools-for-stm32.12.3.rel1.win32_1.0.100.202403111256/tools/bin/../lib/gcc/arm-none-eabi/12.3.1/../../../../arm-none-eabi/lib/thumb/v7-m/nofp\libc_nano.a(libc_a-msizer.o)
 .ARM.attributes
                0x00000b3b       0x2d C:/ST/STM32CubeIDE_1.14.0/STM32CubeIDE/plugins/com.st.stm32cube.ide.mcu.externaltools.gnu-tools-for-stm32.12.3.rel1.win32_1.0.100.202403111256/tools/bin/../lib/gcc/arm-none-eabi/12.3.1/../../../../arm-none-eabi/lib/thumb/v7-m/nofp\libc_nano.a(libc_a-nano-svfprintf.o)
 .ARM.attributes